<html>
<body>
<pre>
<h1>µVision Build Log</h1>
<h2>Tool Versions:</h2>
IDE-Version: µVision V5.39.0.0
Copyright (C) 2023 ARM Ltd and ARM Germany GmbH. All rights reserved.
License Information: Michael W, ucsb, LIC=----
 
Tool Versions:
Toolchain:       MDK-Lite  Version: 5.39.0.0
Toolchain Path:  C:\Keil_v5\ARM\ARMCLANG\Bin
C Compiler:      ArmClang.exe V6.21
Assembler:       Armasm.exe V6.21
Linker/Locator:  ArmLink.exe V6.21
Library Manager: ArmAr.exe V6.21
Hex Converter:   FromElf.exe V6.21
CPU DLL:         SARMCM3.DLL V5.39.0.0
Dialog DLL:      DCM.DLL V1.17.5.0
Target DLL:      STLink\ST-LINKIII-KEIL_SWO.dll V3.2.0.0
Dialog DLL:      TCM.DLL V1.56.4.0
 
<h2>Project:</h2>
C:\Users\micha\Downloads\ECE 153B\Labs\Lab 2\Template_L2\Template_L2\2B\project.uvprojx
Project File Date:  01/29/2024

<h2>Output:</h2>
*** Using Compiler 'V6.21', folder: 'C:\Keil_v5\ARM\ARMCLANG\Bin'
Build target 'Target 1'
src/EXTI.c(48): warning: no previous prototype for function 'EXTI15_10_IRQHandler' [-Wmissing-prototypes]
   48 | void EXTI15_10_IRQHandler(void) {
      |      ^
src/EXTI.c(48): note: declare 'static' if the function is not intended to be used outside of this translation unit
   48 | void EXTI15_10_IRQHandler(void) {
      | ^
      | static 
src/EXTI.c(57): warning: no newline at end of file [-Wnewline-eof]
   57 | }
      |  ^
src/EXTI.c(56): warning: no previous prototype for function 'ExampleInterruptHandler' [-Wmissing-prototypes]
   56 | void ExampleInterruptHandler(void) {
      |      ^
src/EXTI.c(56): note: declare 'static' if the function is not intended to be used outside of this translation unit
   56 | void ExampleInterruptHandler(void) {
      | ^
      | static 
src/EXTI.c(28): warning: unsafe buffer access [-Wunsafe-buffer-usage]
   28 |         SYSCFG->EXTICR[3] &= ~SYSCFG_EXTICR4_EXTI13;
      |         ^~~~~~~~~~~~~~
src/stm32l476xx.h(1362): note: expanded from macro 'SYSCFG'
 1362 | #define SYSCFG              ((SYSCFG_TypeDef *) SYSCFG_BASE)
      |                             ^
src/EXTI.c(29): warning: unsafe buffer access [-Wunsafe-buffer-usage]
   29 |         SYSCFG->EXTICR[3] |= SYSCFG_EXTICR4_EXTI13_PC;
      |         ^~~~~~~~~~~~~~
src/stm32l476xx.h(1362): note: expanded from macro 'SYSCFG'
 1362 | #define SYSCFG              ((SYSCFG_TypeDef *) SYSCFG_BASE)
      |                             ^
5 warnings generated.
compiling EXTI.c...
linking...
Program Size: Code=1112 RO-data=408 RW-data=0 ZI-data=1632  
FromELF: creating hex file...
".\Objects\project.axf" - 0 Error(s), 5 Warning(s).

<h2>Software Packages used:</h2>

Package Vendor: ARM
                http://www.keil.com/pack/ARM.CMSIS.5.9.0.pack
                ARM::CMSIS@5.9.0
                CMSIS (Common Microcontroller Software Interface Standard)
   * Component: CORE Version: 5.6.0

Package Vendor: Keil
                https://www.keil.com/pack/Keil.STM32L4xx_DFP.2.6.2.pack
                Keil::STM32L4xx_DFP@2.6.2
                STMicroelectronics STM32L4 Series Device Support, Drivers and Examples

<h2>Collection of Component include folders:</h2>
  ./RTE/_Target_1
  C:/Users/micha/AppData/Local/Arm/Packs/ARM/CMSIS/5.9.0/CMSIS/Core/Include
  C:/Users/micha/AppData/Local/Arm/Packs/Keil/STM32L4xx_DFP/2.6.2/Drivers/CMSIS/Device/ST/STM32L4xx/Include

<h2>Collection of Component Files used:</h2>

   * Component: ARM::CMSIS:CORE@5.6.0
Build Time Elapsed:  00:00:00
</pre>
</body>
</html>
