Component: Arm Compiler for Embedded 6.21 Tool: armlink [5ec1fa00]

==============================================================================

Section Cross References

    led.o(.ARM.exidx.text.LED_Init) refers to led.o(.text.LED_Init) for [Anonymous Symbol]
    led.o(.ARM.exidx.text.Green_LED_Off) refers to led.o(.text.Green_LED_Off) for [Anonymous Symbol]
    led.o(.ARM.exidx.text.Green_LED_On) refers to led.o(.text.Green_LED_On) for [Anonymous Symbol]
    led.o(.ARM.exidx.text.Green_LED_Toggle) refers to led.o(.text.Green_LED_Toggle) for [Anonymous Symbol]
    main.o(.ARM.exidx.text.RTC_Set_Alarm) refers to main.o(.text.RTC_Set_Alarm) for [Anonymous Symbol]
    main.o(.text.RTC_Alarm_Enable) refers to main.o(.text.__NVIC_EnableIRQ) for __NVIC_EnableIRQ
    main.o(.text.RTC_Alarm_Enable) refers to main.o(.text.__NVIC_SetPriority) for __NVIC_SetPriority
    main.o(.ARM.exidx.text.RTC_Alarm_Enable) refers to main.o(.text.RTC_Alarm_Enable) for [Anonymous Symbol]
    main.o(.ARM.exidx.text.__NVIC_EnableIRQ) refers to main.o(.text.__NVIC_EnableIRQ) for [Anonymous Symbol]
    main.o(.ARM.exidx.text.__NVIC_SetPriority) refers to main.o(.text.__NVIC_SetPriority) for [Anonymous Symbol]
    main.o(.ARM.exidx.text.Enable_Alarm_A) refers to main.o(.text.Enable_Alarm_A) for [Anonymous Symbol]
    main.o(.ARM.exidx.text.Enable_Alarm_B) refers to main.o(.text.Enable_Alarm_B) for [Anonymous Symbol]
    main.o(.text.RTC_Alarm_IRQHandler) refers to led.o(.text.Green_LED_Toggle) for Green_LED_Toggle
    main.o(.ARM.exidx.text.RTC_Alarm_IRQHandler) refers to main.o(.text.RTC_Alarm_IRQHandler) for [Anonymous Symbol]
    main.o(.text.main) refers to sysclock.o(.text.System_Clock_Init) for System_Clock_Init
    main.o(.text.main) refers to led.o(.text.LED_Init) for LED_Init
    main.o(.text.main) refers to rtc.o(.text.RTC_Init) for RTC_Init
    main.o(.text.main) refers to main.o(.text.RTC_Alarm_Enable) for RTC_Alarm_Enable
    main.o(.text.main) refers to main.o(.text.RTC_Set_Alarm) for RTC_Set_Alarm
    main.o(.text.main) refers to rt_memclr.o(.text) for __aeabi_memclr
    main.o(.text.main) refers to rtc.o(.text.Get_RTC_Calendar) for Get_RTC_Calendar
    main.o(.ARM.exidx.text.main) refers to main.o(.text.main) for [Anonymous Symbol]
    rtc.o(.ARM.exidx.text.RTC_BAK_SetRegister) refers to rtc.o(.text.RTC_BAK_SetRegister) for [Anonymous Symbol]
    rtc.o(.text.RTC_Init) refers to rtc.o(.text.RTC_Clock_Init) for RTC_Clock_Init
    rtc.o(.text.RTC_Init) refers to rtc.o(.text.RTC_Disable_Write_Protection) for RTC_Disable_Write_Protection
    rtc.o(.text.RTC_Init) refers to rtc.o(.text.RTC_Set_Calendar_Date) for RTC_Set_Calendar_Date
    rtc.o(.text.RTC_Init) refers to rtc.o(.text.RTC_Set_Time) for RTC_Set_Time
    rtc.o(.text.RTC_Init) refers to rtc.o(.text.RTC_Enable_Write_Protection) for RTC_Enable_Write_Protection
    rtc.o(.text.RTC_Init) refers to rtc.o(.text.RTC_BAK_SetRegister) for RTC_BAK_SetRegister
    rtc.o(.ARM.exidx.text.RTC_Init) refers to rtc.o(.text.RTC_Init) for [Anonymous Symbol]
    rtc.o(.ARM.exidx.text.RTC_Clock_Init) refers to rtc.o(.text.RTC_Clock_Init) for [Anonymous Symbol]
    rtc.o(.ARM.exidx.text.RTC_Disable_Write_Protection) refers to rtc.o(.text.RTC_Disable_Write_Protection) for [Anonymous Symbol]
    rtc.o(.ARM.exidx.text.RTC_Set_Calendar_Date) refers to rtc.o(.text.RTC_Set_Calendar_Date) for [Anonymous Symbol]
    rtc.o(.ARM.exidx.text.RTC_Set_Time) refers to rtc.o(.text.RTC_Set_Time) for [Anonymous Symbol]
    rtc.o(.ARM.exidx.text.RTC_Enable_Write_Protection) refers to rtc.o(.text.RTC_Enable_Write_Protection) for [Anonymous Symbol]
    rtc.o(.ARM.exidx.text.RTC_TIME_GetHour) refers to rtc.o(.text.RTC_TIME_GetHour) for [Anonymous Symbol]
    rtc.o(.ARM.exidx.text.RTC_TIME_GetMinute) refers to rtc.o(.text.RTC_TIME_GetMinute) for [Anonymous Symbol]
    rtc.o(.ARM.exidx.text.RTC_TIME_GetSecond) refers to rtc.o(.text.RTC_TIME_GetSecond) for [Anonymous Symbol]
    rtc.o(.ARM.exidx.text.RTC_DATE_GetMonth) refers to rtc.o(.text.RTC_DATE_GetMonth) for [Anonymous Symbol]
    rtc.o(.ARM.exidx.text.RTC_DATE_GetDay) refers to rtc.o(.text.RTC_DATE_GetDay) for [Anonymous Symbol]
    rtc.o(.ARM.exidx.text.RTC_DATE_GetYear) refers to rtc.o(.text.RTC_DATE_GetYear) for [Anonymous Symbol]
    rtc.o(.ARM.exidx.text.RTC_DATE_GetWeekDay) refers to rtc.o(.text.RTC_DATE_GetWeekDay) for [Anonymous Symbol]
    rtc.o(.text.Get_RTC_Calendar) refers to rtc.o(.text.RTC_TIME_GetHour) for RTC_TIME_GetHour
    rtc.o(.text.Get_RTC_Calendar) refers to rtc.o(.text.RTC_TIME_GetMinute) for RTC_TIME_GetMinute
    rtc.o(.text.Get_RTC_Calendar) refers to rtc.o(.text.RTC_TIME_GetSecond) for RTC_TIME_GetSecond
    rtc.o(.text.Get_RTC_Calendar) refers to rtc.o(.rodata.str1.1) for .L.str
    rtc.o(.text.Get_RTC_Calendar) refers to sprintf.o(.text) for sprintf
    rtc.o(.text.Get_RTC_Calendar) refers to rtc.o(.text.RTC_DATE_GetMonth) for RTC_DATE_GetMonth
[...]
    ../clib/libinit.s                        0x00000000   Number         0  libshutdown.o ABSOLUTE
    ../clib/libinit.s                        0x00000000   Number         0  libshutdown2.o ABSOLUTE
    ../clib/locale.c                         0x00000000   Number         0  _c16rtomb.o ABSOLUTE
    ../clib/locale.s                         0x00000000   Number         0  lc_numeric_c.o ABSOLUTE
    ../clib/locale.s                         0x00000000   Number         0  lc_ctype_c.o ABSOLUTE
    ../clib/longlong.s                       0x00000000   Number         0  lludiv10.o ABSOLUTE
    ../clib/longlong.s                       0x00000000   Number         0  llushr.o ABSOLUTE
    ../clib/memcpset.s                       0x00000000   Number         0  rt_memclr.o ABSOLUTE
    ../clib/memcpset.s                       0x00000000   Number         0  rt_memclr_w.o ABSOLUTE
    ../clib/memcpset.s                       0x00000000   Number         0  strcmpv7em.o ABSOLUTE
    ../clib/misc.s                           0x00000000   Number         0  printf_stubs.o ABSOLUTE
    ../clib/printf.c                         0x00000000   Number         0  sprintf.o ABSOLUTE
    ../clib/printf.c                         0x00000000   Number         0  __printf.o ABSOLUTE
    ../clib/printf.c                         0x00000000   Number         0  _printf_pad.o ABSOLUTE
    ../clib/printf.c                         0x00000000   Number         0  _printf_truncate.o ABSOLUTE
    ../clib/printf.c                         0x00000000   Number         0  _printf_str.o ABSOLUTE
    ../clib/printf.c                         0x00000000   Number         0  _printf_dec.o ABSOLUTE
    ../clib/printf.c                         0x00000000   Number         0  _printf_charcount.o ABSOLUTE
    ../clib/printf.c                         0x00000000   Number         0  _printf_char_common.o ABSOLUTE
    ../clib/printf.c                         0x00000000   Number         0  _sputc.o ABSOLUTE
    ../clib/printf.c                         0x00000000   Number         0  _printf_wctomb.o ABSOLUTE
    ../clib/printf.c                         0x00000000   Number         0  _printf_longlong_dec.o ABSOLUTE
    ../clib/printf.c                         0x00000000   Number         0  _printf_oct_ll.o ABSOLUTE
    ../clib/printf.c                         0x00000000   Number         0  _printf_oct_int.o ABSOLUTE
    ../clib/printf.c                         0x00000000   Number         0  _printf_oct_int_ll.o ABSOLUTE
    ../clib/printf.c                         0x00000000   Number         0  _printf_hex_ll.o ABSOLUTE
    ../clib/printf.c                         0x00000000   Number         0  _printf_hex_int.o ABSOLUTE
    ../clib/printf.c                         0x00000000   Number         0  _printf_hex_int_ll.o ABSOLUTE
    ../clib/printf.c                         0x00000000   Number         0  _printf_hex_ptr.o ABSOLUTE
    ../clib/printf.c                         0x00000000   Number         0  _printf_hex_int_ptr.o ABSOLUTE
    ../clib/printf.c                         0x00000000   Number         0  _printf_hex_ll_ptr.o ABSOLUTE
    ../clib/printf.c                         0x00000000   Number         0  _printf_hex_int_ll_ptr.o ABSOLUTE
    ../clib/printf.c                         0x00000000   Number         0  __printf_flags.o ABSOLUTE
    ../clib/printf.c                         0x00000000   Number         0  __printf_ss.o ABSOLUTE
    ../clib/printf.c                         0x00000000   Number         0  __printf_flags_ss.o ABSOLUTE
    ../clib/printf.c                         0x00000000   Number         0  __printf_wp.o ABSOLUTE
    ../clib/printf.c                         0x00000000   Number         0  __printf_flags_wp.o ABSOLUTE
    ../clib/printf.c                         0x00000000   Number         0  __printf_ss_wp.o ABSOLUTE
    ../clib/printf.c                         0x00000000   Number         0  __printf_flags_ss_wp.o ABSOLUTE
    ../clib/printf.c                         0x00000000   Number         0  _printf_intcommon.o ABSOLUTE
    ../clib/printf.c                         0x00000000   Number         0  _printf_fp_dec.o ABSOLUTE
    ../clib/printf.c                         0x00000000   Number         0  _printf_fp_dec_accurate.o ABSOLUTE
    ../clib/printf.c                         0x00000000   Number         0  _printf_fp_hex.o ABSOLUTE
    ../clib/printf.c                         0x00000000   Number         0  __printf_nopercent.o ABSOLUTE
    ../clib/printf.c                         0x00000000   Number         0  _printf_char.o ABSOLUTE
    ../clib/printf.c                         0x00000000   Number         0  _printf_wchar.o ABSOLUTE
    ../clib/printf.c                         0x00000000   Number         0  _printf_fp_infnan.o ABSOLUTE
    ../clib/printf_percent.s                 0x00000000   Number         0  _printf_c.o ABSOLUTE
    ../clib/printf_percent.s                 0x00000000   Number         0  _printf_s.o ABSOLUTE
    ../clib/printf_percent.s                 0x00000000   Number         0  _printf_n.o ABSOLUTE
    ../clib/printf_percent.s                 0x00000000   Number         0  _printf_x.o ABSOLUTE
    ../clib/printf_percent.s                 0x00000000   Number         0  _printf_p.o ABSOLUTE
    ../clib/printf_percent.s                 0x00000000   Number         0  _printf_o.o ABSOLUTE
    ../clib/printf_percent.s                 0x00000000   Number         0  _printf_i.o ABSOLUTE
    ../clib/printf_percent.s                 0x00000000   Number         0  _printf_d.o ABSOLUTE
    ../clib/printf_percent.s                 0x00000000   Number         0  _printf_u.o ABSOLUTE
    ../clib/printf_percent.s                 0x00000000   Number         0  _printf_f.o ABSOLUTE
    ../clib/printf_percent.s                 0x00000000   Number         0  _printf_e.o ABSOLUTE
    ../clib/printf_percent.s                 0x00000000   Number         0  _printf_g.o ABSOLUTE
    ../clib/printf_percent.s                 0x00000000   Number         0  _printf_a.o ABSOLUTE
    ../clib/printf_percent.s                 0x00000000   Number         0  _printf_percent.o ABSOLUTE
    ../clib/printf_percent.s                 0x00000000   Number         0  _printf_lli.o ABSOLUTE
    ../clib/printf_percent.s                 0x00000000   Number         0  _printf_lld.o ABSOLUTE
    ../clib/printf_percent.s                 0x00000000   Number         0  _printf_llu.o ABSOLUTE
    ../clib/printf_percent.s                 0x00000000   Number         0  _printf_ll.o ABSOLUTE
    ../clib/printf_percent.s                 0x00000000   Number         0  _printf_l.o ABSOLUTE
    ../clib/printf_percent.s                 0x00000000   Number         0  _printf_lc.o ABSOLUTE
    ../clib/printf_percent.s                 0x00000000   Number         0  _printf_ls.o ABSOLUTE
    ../clib/printf_percent.s                 0x00000000   Number         0  _printf_llo.o ABSOLUTE
    ../clib/printf_percent.s                 0x00000000   Number         0  _printf_llx.o ABSOLUTE
    ../clib/printf_percent.s                 0x00000000   Number         0  _printf_percent_end.o ABSOLUTE
    ../clib/signal.c                         0x00000000   Number         0  defsig_rtmem_outer.o ABSOLUTE
    ../clib/signal.c                         0x00000000   Number         0  defsig_rtmem_formal.o ABSOLUTE
    ../clib/signal.c                         0x00000000   Number         0  defsig_exit.o ABSOLUTE
    ../clib/signal.c                         0x00000000   Number         0  defsig_rtmem_inner.o ABSOLUTE
    ../clib/signal.c                         0x00000000   Number         0  __raise.o ABSOLUTE
    ../clib/signal.c                         0x00000000   Number         0  defsig_general.o ABSOLUTE
    ../clib/signal.c                         0x00000000   Number         0  defsig_abrt_inner.o ABSOLUTE
    ../clib/signal.c                         0x00000000   Number         0  defsig_fpe_inner.o ABSOLUTE
    ../clib/signal.c                         0x00000000   Number         0  defsig_rtred_inner.o ABSOLUTE
    ../clib/signal.c                         0x00000000   Number         0  defsig_stak_inner.o ABSOLUTE
    ../clib/signal.c                         0x00000000   Number         0  defsig_pvfn_inner.o ABSOLUTE
    ../clib/signal.c                         0x00000000   Number         0  defsig_cppl_inner.o ABSOLUTE
    ../clib/signal.c                         0x00000000   Number         0  defsig_segv_inner.o ABSOLUTE
    ../clib/signal.c                         0x00000000   Number         0  defsig_other.o ABSOLUTE
    ../clib/signal.s                         0x00000000   Number         0  defsig.o ABSOLUTE
    ../clib/stdlib.c                         0x00000000   Number         0  exit.o ABSOLUTE
    ../fplib/fpinit.s                        0x00000000   Number         0  fpinit.o ABSOLUTE
    ../fplib/istatus.s                       0x00000000   Number         0  istatus.o ABSOLUTE
    ../fplib/printf1.s                       0x00000000   Number         0  printf1.o ABSOLUTE
    ../fplib/printf2.s                       0x00000000   Number         0  printf2.o ABSOLUTE
    ../fplib/printf2a.s                      0x00000000   Number         0  printf2a.o ABSOLUTE
    ../fplib/printf2b.s                      0x00000000   Number         0  printf2b.o ABSOLUTE
    ../fplib/usenofp.s                       0x00000000   Number         0  usenofp.o ABSOLUTE
    ../mathlib/fpclassify.c                  0x00000000   Number         0  fpclassify.o ABSOLUTE
    LED.c                                    0x00000000   Number         0  led.o ABSOLUTE
    RTC.c                                    0x00000000   Number         0  rtc.o ABSOLUTE
    SysClock.c                               0x00000000   Number         0  sysclock.o ABSOLUTE
    dc.s                                     0x00000000   Number         0  dc.o ABSOLUTE
    main.c                                   0x00000000   Number         0  main.o ABSOLUTE
    src/startup_stm32l476xx.s                0x00000000   Number         0  startup_stm32l476xx.o ABSOLUTE
    RESET                                    0x08000000   Section      392  startup_stm32l476xx.o(RESET)
    !!!main                                  0x08000188   Section        8  __main.o(!!!main)
    !!!scatter                               0x08000190   Section       92  __scatter.o(!!!scatter)
    !!handler_null                           0x080001ec   Section        2  __scatter.o(!!handler_null)
    !!handler_zi                             0x080001f0   Section       28  __scatter_zi.o(!!handler_zi)
    .ARM.Collect$$_printf_percent$$00000000  0x0800020c   Section        0  _printf_percent.o(.ARM.Collect$$_printf_percent$$00000000)
    .ARM.Collect$$_printf_percent$$00000001  0x0800020c   Section        6  _printf_n.o(.ARM.Collect$$_printf_percent$$00000001)
    .ARM.Collect$$_printf_percent$$00000002  0x08000212   Section        6  _printf_p.o(.ARM.Collect$$_printf_percent$$00000002)
    .ARM.Collect$$_printf_percent$$00000003  0x08000218   Section        6  _printf_f.o(.ARM.Collect$$_printf_percent$$00000003)
    .ARM.Collect$$_printf_percent$$00000004  0x0800021e   Section        6  _printf_e.o(.ARM.Collect$$_printf_percent$$00000004)
    .ARM.Collect$$_printf_percent$$00000005  0x08000224   Section        6  _printf_g.o(.ARM.Collect$$_printf_percent$$00000005)
    .ARM.Collect$$_printf_percent$$00000006  0x0800022a   Section        6  _printf_a.o(.ARM.Collect$$_printf_percent$$00000006)
    .ARM.Collect$$_printf_percent$$00000007  0x08000230   Section       10  _printf_ll.o(.ARM.Collect$$_printf_percent$$00000007)
    .ARM.Collect$$_printf_percent$$00000008  0x0800023a   Section        6  _printf_i.o(.ARM.Collect$$_printf_percent$$00000008)
    .ARM.Collect$$_printf_percent$$00000009  0x08000240   Section        6  _printf_d.o(.ARM.Collect$$_printf_percent$$00000009)
    .ARM.Collect$$_printf_percent$$0000000A  0x08000246   Section        6  _printf_u.o(.ARM.Collect$$_printf_percent$$0000000A)
    .ARM.Collect$$_printf_percent$$0000000B  0x0800024c   Section        6  _printf_o.o(.ARM.Collect$$_printf_percent$$0000000B)
    .ARM.Collect$$_printf_percent$$0000000C  0x08000252   Section        6  _printf_x.o(.ARM.Collect$$_printf_percent$$0000000C)
    .ARM.Collect$$_printf_percent$$0000000D  0x08000258   Section        6  _printf_lli.o(.ARM.Collect$$_printf_percent$$0000000D)
    .ARM.Collect$$_printf_percent$$0000000E  0x0800025e   Section        6  _printf_lld.o(.ARM.Collect$$_printf_percent$$0000000E)
    .ARM.Collect$$_printf_percent$$0000000F  0x08000264   Section        6  _printf_llu.o(.ARM.Collect$$_printf_percent$$0000000F)
    .ARM.Collect$$_printf_percent$$00000010  0x0800026a   Section        6  _printf_llo.o(.ARM.Collect$$_printf_percent$$00000010)
    .ARM.Collect$$_printf_percent$$00000011  0x08000270   Section        6  _printf_llx.o(.ARM.Collect$$_printf_percent$$00000011)
    .ARM.Collect$$_printf_percent$$00000012  0x08000276   Section       10  _printf_l.o(.ARM.Collect$$_printf_percent$$00000012)
    .ARM.Collect$$_printf_percent$$00000013  0x08000280   Section        6  _printf_c.o(.ARM.Collect$$_printf_percent$$00000013)
    .ARM.Collect$$_printf_percent$$00000014  0x08000286   Section        6  _printf_s.o(.ARM.Collect$$_printf_percent$$00000014)
    .ARM.Collect$$_printf_percent$$00000015  0x0800028c   Section        6  _printf_lc.o(.ARM.Collect$$_printf_percent$$00000015)
    .ARM.Collect$$_printf_percent$$00000016  0x08000292   Section        6  _printf_ls.o(.ARM.Collect$$_printf_percent$$00000016)
    .ARM.Collect$$_printf_percent$$00000017  0x08000298   Section        4  _printf_percent_end.o(.ARM.Collect$$_printf_percent$$00000017)
    .ARM.Collect$$libinit$$00000000          0x0800029c   Section        2  libinit.o(.ARM.Collect$$libinit$$00000000)
    .ARM.Collect$$libinit$$00000001          0x0800029e   Section        4  libinit2.o(.ARM.Collect$$libinit$$00000001)
    .ARM.Collect$$libinit$$00000004          0x080002a2   Section        0  libinit2.o(.ARM.Collect$$libinit$$00000004)
    .ARM.Collect$$libinit$$00000006          0x080002a2   Section        0  libinit2.o(.ARM.Collect$$libinit$$00000006)
    .ARM.Collect$$libinit$$0000000C          0x080002a2   Section        0  libinit2.o(.ARM.Collect$$libinit$$0000000C)
    .ARM.Collect$$libinit$$0000000E          0x080002a2   Section        0  libinit2.o(.ARM.Collect$$libinit$$0000000E)
    .ARM.Collect$$libinit$$00000010          0x080002a2   Section        0  libinit2.o(.ARM.Collect$$libinit$$00000010)
    .ARM.Collect$$libinit$$00000011          0x080002a2   Section        6  libinit2.o(.ARM.Collect$$libinit$$00000011)
    .ARM.Collect$$libinit$$00000013          0x080002a8   Section        0  libinit2.o(.ARM.Collect$$libinit$$00000013)
    .ARM.Collect$$libinit$$00000014          0x080002a8   Section       12  libinit2.o(.ARM.Collect$$libinit$$00000014)
    .ARM.Collect$$libinit$$00000015          0x080002b4   Section        0  libinit2.o(.ARM.Collect$$libinit$$00000015)
    .ARM.Collect$$libinit$$00000017          0x080002b4   Section        0  libinit2.o(.ARM.Collect$$libinit$$00000017)
    .ARM.Collect$$libinit$$00000018          0x080002b4   Section       10  libinit2.o(.ARM.Collect$$libinit$$00000018)
    .ARM.Collect$$libinit$$00000019          0x080002be   Section        0  libinit2.o(.ARM.Collect$$libinit$$00000019)
    .ARM.Collect$$libinit$$0000001B          0x080002be   Section        0  libinit2.o(.ARM.Collect$$libinit$$0000001B)
    .ARM.Collect$$libinit$$0000001D          0x080002be   Section        0  libinit2.o(.ARM.Collect$$libinit$$0000001D)
    .ARM.Collect$$libinit$$0000001F          0x080002be   Section        0  libinit2.o(.ARM.Collect$$libinit$$0000001F)
    .ARM.Collect$$libinit$$00000021          0x080002be   Section        0  libinit2.o(.ARM.Collect$$libinit$$00000021)
    .ARM.Collect$$libinit$$00000023          0x080002be   Section        0  libinit2.o(.ARM.Collect$$libinit$$00000023)
    .ARM.Collect$$libinit$$00000025          0x080002be   Section        0  libinit2.o(.ARM.Collect$$libinit$$00000025)
    .ARM.Collect$$libinit$$00000027          0x080002be   Section        0  libinit2.o(.ARM.Collect$$libinit$$00000027)
    .ARM.Collect$$libinit$$0000002E          0x080002be   Section        0  libinit2.o(.ARM.Collect$$libinit$$0000002E)
    .ARM.Collect$$libinit$$00000030          0x080002be   Section        0  libinit2.o(.ARM.Collect$$libinit$$00000030)
    .ARM.Collect$$libinit$$00000032          0x080002be   Section        0  libinit2.o(.ARM.Collect$$libinit$$00000032)
    .ARM.Collect$$libinit$$00000034          0x080002be   Section        0  libinit2.o(.ARM.Collect$$libinit$$00000034)
    .ARM.Collect$$libinit$$00000035          0x080002be   Section        2  libinit2.o(.ARM.Collect$$libinit$$00000035)
    .ARM.Collect$$libshutdown$$00000000      0x080002c0   Section        2  libshutdown.o(.ARM.Collect$$libshutdown$$00000000)
    .ARM.Collect$$libshutdown$$00000002      0x080002c2   Section        0  libshutdown2.o(.ARM.Collect$$libshutdown$$00000002)
    .ARM.Collect$$libshutdown$$00000004      0x080002c2   Section        0  libshutdown2.o(.ARM.Collect$$libshutdown$$00000004)
    .ARM.Collect$$libshutdown$$00000007      0x080002c2   Section        0  libshutdown2.o(.ARM.Collect$$libshutdown$$00000007)
    .ARM.Collect$$libshutdown$$0000000A      0x080002c2   Section        0  libshutdown2.o(.ARM.Collect$$libshutdown$$0000000A)
    .ARM.Collect$$libshutdown$$0000000C      0x080002c2   Section        0  libshutdown2.o(.ARM.Collect$$libshutdown$$0000000C)
    .ARM.Collect$$libshutdown$$0000000F      0x080002c2   Section        0  libshutdown2.o(.ARM.Collect$$libshutdown$$0000000F)
    .ARM.Collect$$libshutdown$$00000010      0x080002c2   Section        2  libshutdown2.o(.ARM.Collect$$libshutdown$$00000010)
    .ARM.Collect$$rtentry$$00000000          0x080002c4   Section        0  __rtentry.o(.ARM.Collect$$rtentry$$00000000)
    .ARM.Collect$$rtentry$$00000002          0x080002c4   Section        0  __rtentry2.o(.ARM.Collect$$rtentry$$00000002)
    .ARM.Collect$$rtentry$$00000004          0x080002c4   Section        6  __rtentry4.o(.ARM.Collect$$rtentry$$00000004)
    .ARM.Collect$$rtentry$$00000009          0x080002ca   Section        0  __rtentry2.o(.ARM.Collect$$rtentry$$00000009)
    .ARM.Collect$$rtentry$$0000000A          0x080002ca   Section        4  __rtentry2.o(.ARM.Collect$$rtentry$$0000000A)
    .ARM.Collect$$rtentry$$0000000C          0x080002ce   Section        0  __rtentry2.o(.ARM.Collect$$rtentry$$0000000C)
    .ARM.Collect$$rtentry$$0000000D          0x080002ce   Section        8  __rtentry2.o(.ARM.Collect$$rtentry$$0000000D)
    .ARM.Collect$$rtexit$$00000000           0x080002d6   Section        2  rtexit.o(.ARM.Collect$$rtexit$$00000000)
    .ARM.Collect$$rtexit$$00000002           0x080002d8   Section        0  rtexit2.o(.ARM.Collect$$rtexit$$00000002)
    .ARM.Collect$$rtexit$$00000003           0x080002d8   Section        4  rtexit2.o(.ARM.Collect$$rtexit$$00000003)
    .ARM.Collect$$rtexit$$00000004           0x080002dc   Section        6  rtexit2.o(.ARM.Collect$$rtexit$$00000004)
    $v0                                      0x080002e4   Number         0  startup_stm32l476xx.o(.text)
    .text                                    0x080002e4   Section      140  startup_stm32l476xx.o(.text)
    .text                                    0x08000370   Section        0  sprintf.o(.text)
    .text                                    0x0800039c   Section       68  rt_memclr.o(.text)
    .text                                    0x080003e0   Section        0  heapauxi.o(.text)
    .text                                    0x080003e6   Section        0  _printf_pad.o(.text)
    .text                                    0x08000434   Section        0  _printf_truncate.o(.text)
    .text                                    0x08000458   Section        0  _printf_str.o(.text)
    .text                                    0x080004ac   Section        0  _printf_dec.o(.text)
    .text                                    0x08000524   Section        0  _printf_charcount.o(.text)
    _printf_input_char                       0x0800054d   Thumb Code    10  _printf_char_common.o(.text)
    .text                                    0x0800054c   Section        0  _printf_char_common.o(.text)
    .text                                    0x0800057c   Section        0  _sputc.o(.text)
    .text                                    0x08000588   Section        0  _printf_wctomb.o(.text)
    .text                                    0x0800064c   Section        0  _printf_longlong_dec.o(.text)
    _printf_longlong_oct_internal            0x080006c9   Thumb Code     0  _printf_oct_int_ll.o(.text)
    .text                                    0x080006c8   Section        0  _printf_oct_int_ll.o(.text)
    _printf_hex_common                       0x08000739   Thumb Code     0  _printf_hex_int_ll_ptr.o(.text)
    .text                                    0x08000738   Section        0  _printf_hex_int_ll_ptr.o(.text)
    .text                                    0x080007cc   Section        0  __printf_flags_ss_wp.o(.text)
    .text                                    0x0800095a   Section       78  rt_memclr_w.o(.text)
    .text                                    0x080009a8   Section      138  lludiv10.o(.text)
    .text                                    0x08000a32   Section        0  _printf_intcommon.o(.text)
    _fp_digits                               0x08000ae5   Thumb Code   432  _printf_fp_dec.o(.text)
    .text                                    0x08000ae4   Section        0  _printf_fp_dec.o(.text)
    .text                                    0x08000f08   Section        0  _printf_fp_hex.o(.text)
    .text                                    0x0800120a   Section        0  _printf_char.o(.text)
    .text                                    0x08001236   Section        0  _printf_wchar.o(.text)
    .text                                    0x08001262   Section        0  _c16rtomb.o(.text)
    .text                                    0x080012aa   Section       74  sys_stackheap_outer.o(.text)
    .text                                    0x080012f4   Section       16  rt_ctype_table.o(.text)
    .text                                    0x08001304   Section        8  rt_locale_intlibspace.o(.text)
    .text                                    0x0800130c   Section        0  _printf_fp_infnan.o(.text)
    .text                                    0x0800138c   Section        0  bigflt0.o(.text)
    .text                                    0x08001470   Section        0  exit.o(.text)
    .text                                    0x08001484   Section        8  libspace.o(.text)
    .text                                    0x08001490   Section      124  strcmpv7em.o(.text)
    .text                                    0x0800150c   Section        0  sys_exit.o(.text)
    .text                                    0x08001518   Section        2  use_no_semi.o(.text)
    .text                                    0x0800151a   Section        0  indicate_semi.o(.text)
    [Anonymous Symbol]                       0x0800151c   Section        0  rtc.o(.text.Get_RTC_Calendar)
    [Anonymous Symbol]                       0x0800162c   Section        0  led.o(.text.Green_LED_Toggle)
    [Anonymous Symbol]                       0x0800163c   Section        0  led.o(.text.LED_Init)
    [Anonymous Symbol]                       0x08001714   Section        0  main.o(.text.RTC_Alarm_Enable)
    [Anonymous Symbol]                       0x0800176c   Section        0  main.o(.text.RTC_Alarm_IRQHandler)
    [Anonymous Symbol]                       0x0800179c   Section        0  rtc.o(.text.RTC_BAK_SetRegister)
    [Anonymous Symbol]                       0x080017c4   Section        0  rtc.o(.text.RTC_Clock_Init)
    [Anonymous Symbol]                       0x0800189c   Section        0  rtc.o(.text.RTC_DATE_GetDay)
    [Anonymous Symbol]                       0x080018d0   Section        0  rtc.o(.text.RTC_DATE_GetMonth)
    [Anonymous Symbol]                       0x08001904   Section        0  rtc.o(.text.RTC_DATE_GetYear)
    [Anonymous Symbol]                       0x08001938   Section        0  rtc.o(.text.RTC_Disable_Write_Protection)
    [Anonymous Symbol]                       0x08001954   Section        0  rtc.o(.text.RTC_Enable_Write_Protection)
    [Anonymous Symbol]                       0x08001968   Section        0  rtc.o(.text.RTC_Init)
    [Anonymous Symbol]                       0x080019e8   Section        0  main.o(.text.RTC_Set_Alarm)
    [Anonymous Symbol]                       0x08001ad8   Section        0  rtc.o(.text.RTC_Set_Calendar_Date)
    [Anonymous Symbol]                       0x08001b04   Section        0  rtc.o(.text.RTC_Set_Time)
    [Anonymous Symbol]                       0x08001b30   Section        0  rtc.o(.text.RTC_TIME_GetHour)
    [Anonymous Symbol]                       0x08001b64   Section        0  rtc.o(.text.RTC_TIME_GetMinute)
    [Anonymous Symbol]                       0x08001b98   Section        0  rtc.o(.text.RTC_TIME_GetSecond)
    [Anonymous Symbol]                       0x08001bcc   Section        0  sysclock.o(.text.System_Clock_Init)
    __NVIC_EnableIRQ                         0x08001da1   Thumb Code    48  main.o(.text.__NVIC_EnableIRQ)
    [Anonymous Symbol]                       0x08001da0   Section        0  main.o(.text.__NVIC_EnableIRQ)
    __NVIC_SetPriority                       0x08001dd1   Thumb Code    66  main.o(.text.__NVIC_SetPriority)
    [Anonymous Symbol]                       0x08001dd0   Section        0  main.o(.text.__NVIC_SetPriority)
    [Anonymous Symbol]                       0x08001e14   Section        0  main.o(.text.main)
    CL$$btod_d2e                             0x08001e4e   Section       62  btod.o(CL$$btod_d2e)
    CL$$btod_d2e_denorm_low                  0x08001e8c   Section       70  btod.o(CL$$btod_d2e_denorm_low)
    CL$$btod_d2e_norm_op1                    0x08001ed2   Section       96  btod.o(CL$$btod_d2e_norm_op1)
    CL$$btod_div_common                      0x08001f34   Section      824  btod.o(CL$$btod_div_common)
    CL$$btod_e2e                             0x0800226c   Section      220  btod.o(CL$$btod_e2e)
    CL$$btod_ediv                            0x08002348   Section       42  btod.o(CL$$btod_ediv)
    CL$$btod_emul                            0x08002372   Section       42  btod.o(CL$$btod_emul)
    CL$$btod_mult_common                     0x0800239c   Section      580  btod.o(CL$$btod_mult_common)
    i.__ARM_fpclassify                       0x080025e0   Section        0  fpclassify.o(i.__ARM_fpclassify)
    i._is_digit                              0x08002610   Section        0  __printf_wp.o(i._is_digit)
    locale$$code                             0x08002620   Section       44  lc_numeric_c.o(locale$$code)
    locale$$code                             0x0800264c   Section       44  lc_ctype_c.o(locale$$code)
    $v0                                      0x08002678   Number         0  fpinit.o(x$fpl$fpinit)
    x$fpl$fpinit                             0x08002678   Section       26  fpinit.o(x$fpl$fpinit)
    $v0                                      0x08002692   Number         0  printf1.o(x$fpl$printf1)
    x$fpl$printf1                            0x08002692   Section        4  printf1.o(x$fpl$printf1)
    $v0                                      0x08002696   Number         0  printf2.o(x$fpl$printf2)
    x$fpl$printf2                            0x08002696   Section        4  printf2.o(x$fpl$printf2)
    x$fpl$usenofp                            0x0800269a   Section        0  usenofp.o(x$fpl$usenofp)
    initial_mbstate                          0x0800269c   Data           8  _printf_wctomb.o(.constdata)
    .constdata                               0x0800269c   Section        8  _printf_wctomb.o(.constdata)
    uc_hextab                                0x080026a4   Data          20  _printf_hex_int_ll_ptr.o(.constdata)
    .constdata                               0x080026a4   Section       40  _printf_hex_int_ll_ptr.o(.constdata)
    lc_hextab                                0x080026b8   Data          20  _printf_hex_int_ll_ptr.o(.constdata)
    maptable                                 0x080026cc   Data          17  __printf_flags_ss_wp.o(.constdata)
    .constdata                               0x080026cc   Section       17  __printf_flags_ss_wp.o(.constdata)
    lc_hextab                                0x080026dd   Data          19  _printf_fp_hex.o(.constdata)
    .constdata                               0x080026dd   Section       38  _printf_fp_hex.o(.constdata)
    uc_hextab                                0x080026f0   Data          19  _printf_fp_hex.o(.constdata)
    tenpwrs_x                                0x08002704   Data          60  bigflt0.o(.constdata)
    .constdata                               0x08002704   Section      148  bigflt0.o(.constdata)
    tenpwrs_i                                0x08002740   Data          64  bigflt0.o(.constdata)
    .L.str.1                                 0x08002798   Data          15  rtc.o(.rodata.str1.1)
    [Anonymous Symbol]                       0x08002798   Section        0  rtc.o(.rodata.str1.1)
    .L.str                                   0x080027a7   Data          15  rtc.o(.rodata.str1.1)
    locale$$data                             0x080027c8   Section       28  lc_numeric_c.o(locale$$data)
    __lcnum_c_name                           0x080027cc   Data           2  lc_numeric_c.o(locale$$data)
    __lcnum_c_start                          0x080027d4   Data           0  lc_numeric_c.o(locale$$data)
    __lcnum_c_point                          0x080027e0   Data           0  lc_numeric_c.o(locale$$data)
    __lcnum_c_thousands                      0x080027e2   Data           0  lc_numeric_c.o(locale$$data)
    __lcnum_c_grouping                       0x080027e3   Data           0  lc_numeric_c.o(locale$$data)
    __lcnum_c_end                            0x080027e4   Data           0  lc_numeric_c.o(locale$$data)
    locale$$data                             0x080027e4   Section      272  lc_ctype_c.o(locale$$data)
    __lcctype_c_name                         0x080027e8   Data           2  lc_ctype_c.o(locale$$data)
    __lcctype_c_start                        0x080027f0   Data           0  lc_ctype_c.o(locale$$data)
    __lcctype_c_end                          0x080028f4   Data           0  lc_ctype_c.o(locale$$data)
    .bss                                     0x20000000   Section       96  libspace.o(.bss)
    Heap_Mem                                 0x20000060   Data         512  startup_stm32l476xx.o(HEAP)
    HEAP                                     0x20000060   Section      512  startup_stm32l476xx.o(HEAP)
    Stack_Mem                                0x20000260   Data        1024  startup_stm32l476xx.o(STACK)
    STACK                                    0x20000260   Section     1024  startup_stm32l476xx.o(STACK)
    __initial_sp                             0x20000660   Data           0  startup_stm32l476xx.o(STACK)

    Global Symbols

    Symbol Name                              Value     Ov Type        Size  Object(Section)

    BuildAttributes$$THM_ISAv4$E$P$D$K$B$S$7EM$VFPi3$EXTD16$VFPS$VFMA$PE$A:L22UL41UL21$X:L11$S22US41US21$IEEE1$IW$~IW$USESV6$~STKCKD$USESV7$~SHL$OTIME$ROPI$IEEEJ$EBA8$UX$STANDARDLIB$REQ8$PRES8$EABIv2 0x00000000   Number         0  anon$$obj.o ABSOLUTE
    Image$$ER_IROM1$$RW$$Length              0x00000000   Number         0  anon$$obj.o ABSOLUTE
    Image$$ER_IROM1$$ZI$$Length              0x00000000   Number         0  anon$$obj.o ABSOLUTE
    Image$$RW_IRAM1$$Length                  0x00000000   Number         0  anon$$obj.o ABSOLUTE
    Image$$RW_IRAM1$$RO$$Length              0x00000000   Number         0  anon$$obj.o ABSOLUTE
    Image$$RW_IRAM1$$RW$$Length              0x00000000   Number         0  anon$$obj.o ABSOLUTE
    _printf_flags                            0x00000000   Number         0  printf_stubs.o ABSOLUTE
    _printf_return_value                     0x00000000   Number         0  printf_stubs.o ABSOLUTE
    _printf_sizespec                         0x00000000   Number         0  printf_stubs.o ABSOLUTE
    _printf_widthprec                        0x00000000   Number         0  printf_stubs.o ABSOLUTE
    __ARM_exceptions_init                     - Undefined Weak Reference
    __alloca_initialize                       - Undefined Weak Reference
    __arm_preinit_                            - Undefined Weak Reference
    __arm_relocate_pie_                       - Undefined Weak Reference
    __cpp_initialize__aeabi_                  - Undefined Weak Reference
    __cxa_finalize                            - Undefined Weak Reference
    __sigvec_lookup                           - Undefined Weak Reference
    _atexit_init                              - Undefined Weak Reference
    _call_atexit_fns                          - Undefined Weak Reference
    _clock_init                               - Undefined Weak Reference
    _fp_trap_init                             - Undefined Weak Reference
    _fp_trap_shutdown                         - Undefined Weak Reference
    _get_lc_collate                           - Undefined Weak Reference
    _get_lc_monetary                          - Undefined Weak Reference
    _get_lc_time                              - Undefined Weak Reference
    _getenv_init                              - Undefined Weak Reference
    _handle_redirection                       - Undefined Weak Reference
    _init_alloc                               - Undefined Weak Reference
    _init_user_alloc                          - Undefined Weak Reference
    _initio                                   - Undefined Weak Reference
    _printf_mbtowc                            - Undefined Weak Reference
    _printf_wc                                - Undefined Weak Reference
    _rand_init                                - Undefined Weak Reference
    _signal_finish                            - Undefined Weak Reference
    _signal_init                              - Undefined Weak Reference
    _terminate_alloc                          - Undefined Weak Reference
    _terminate_user_alloc                     - Undefined Weak Reference
    _terminateio                              - Undefined Weak Reference
    __Vectors_Size                           0x00000188   Number         0  startup_stm32l476xx.o ABSOLUTE
    Image$$RW_IRAM1$$ZI$$Length              0x00000660   Number         0  anon$$obj.o ABSOLUTE
    Image$$ER_IROM1$$RO$$Length              0x000028f4   Number         0  anon$$obj.o ABSOLUTE
    Image$$ER_IROM1$$RO$$Base                0x08000000   Number         0  anon$$obj.o ABSOLUTE
    Load$$ER_IROM1$$Base                     0x08000000   Number         0  anon$$obj.o ABSOLUTE
    __Vectors                                0x08000000   Data           4  startup_stm32l476xx.o(RESET)
    __Vectors_End                            0x08000188   Data           0  startup_stm32l476xx.o(RESET)
    __main                                   0x08000189   Thumb Code     8  __main.o(!!!main)
    __scatterload                            0x08000191   Thumb Code     0  __scatter.o(!!!scatter)
    __scatterload_rt2                        0x08000191   Thumb Code    84  __scatter.o(!!!scatter)
    __scatterload_rt2_thumb_only             0x08000191   Thumb Code     0  __scatter.o(!!!scatter)
    __scatterload_loop                       0x0800019b   Thumb Code     0  __scatter.o(!!!scatter)
    __scatterload_null                       0x080001ed   Thumb Code     2  __scatter.o(!!handler_null)
    __scatterload_zeroinit                   0x080001f1   Thumb Code    28  __scatter_zi.o(!!handler_zi)
    _printf_n                                0x0800020d   Thumb Code     0  _printf_n.o(.ARM.Collect$$_printf_percent$$00000001)
    _printf_percent                          0x0800020d   Thumb Code     0  _printf_percent.o(.ARM.Collect$$_printf_percent$$00000000)
    _printf_p                                0x08000213   Thumb Code     0  _printf_p.o(.ARM.Collect$$_printf_percent$$00000002)
    _printf_f                                0x08000219   Thumb Code     0  _printf_f.o(.ARM.Collect$$_printf_percent$$00000003)
    _printf_e                                0x0800021f   Thumb Code     0  _printf_e.o(.ARM.Collect$$_printf_percent$$00000004)
    _printf_g                                0x08000225   Thumb Code     0  _printf_g.o(.ARM.Collect$$_printf_percent$$00000005)
    _printf_a                                0x0800022b   Thumb Code     0  _printf_a.o(.ARM.Collect$$_printf_percent$$00000006)
    _printf_ll                               0x08000231   Thumb Code     0  _printf_ll.o(.ARM.Collect$$_printf_percent$$00000007)
    _printf_i                                0x0800023b   Thumb Code     0  _printf_i.o(.ARM.Collect$$_printf_percent$$00000008)
    _printf_d                                0x08000241   Thumb Code     0  _printf_d.o(.ARM.Collect$$_printf_percent$$00000009)
    _printf_u                                0x08000247   Thumb Code     0  _printf_u.o(.ARM.Collect$$_printf_percent$$0000000A)
    _printf_o                                0x0800024d   Thumb Code     0  _printf_o.o(.ARM.Collect$$_printf_percent$$0000000B)
    _printf_x                                0x08000253   Thumb Code     0  _printf_x.o(.ARM.Collect$$_printf_percent$$0000000C)
    _printf_lli                              0x08000259   Thumb Code     0  _printf_lli.o(.ARM.Collect$$_printf_percent$$0000000D)
    _printf_lld                              0x0800025f   Thumb Code     0  _printf_lld.o(.ARM.Collect$$_printf_percent$$0000000E)
    _printf_llu                              0x08000265   Thumb Code     0  _printf_llu.o(.ARM.Collect$$_printf_percent$$0000000F)
    _printf_llo                              0x0800026b   Thumb Code     0  _printf_llo.o(.ARM.Collect$$_printf_percent$$00000010)
    _printf_llx                              0x08000271   Thumb Code     0  _printf_llx.o(.ARM.Collect$$_printf_percent$$00000011)
    _printf_l                                0x08000277   Thumb Code     0  _printf_l.o(.ARM.Collect$$_printf_percent$$00000012)
    _printf_c                                0x08000281   Thumb Code     0  _printf_c.o(.ARM.Collect$$_printf_percent$$00000013)
    _printf_s                                0x08000287   Thumb Code     0  _printf_s.o(.ARM.Collect$$_printf_percent$$00000014)
    _printf_lc                               0x0800028d   Thumb Code     0  _printf_lc.o(.ARM.Collect$$_printf_percent$$00000015)
    _printf_ls                               0x08000293   Thumb Code     0  _printf_ls.o(.ARM.Collect$$_printf_percent$$00000016)
    _printf_percent_end                      0x08000299   Thumb Code     0  _printf_percent_end.o(.ARM.Collect$$_printf_percent$$00000017)
    __rt_lib_init                            0x0800029d   Thumb Code     0  libinit.o(.ARM.Collect$$libinit$$00000000)
    __rt_lib_init_fp_1                       0x0800029f   Thumb Code     0  libinit2.o(.ARM.Collect$$libinit$$00000001)
    __rt_lib_init_heap_1                     0x080002a3   Thumb Code     0  libinit2.o(.ARM.Collect$$libinit$$0000000C)
    __rt_lib_init_lc_common                  0x080002a3   Thumb Code     0  libinit2.o(.ARM.Collect$$libinit$$00000011)
    __rt_lib_init_preinit_1                  0x080002a3   Thumb Code     0  libinit2.o(.ARM.Collect$$libinit$$00000006)
    __rt_lib_init_rand_1                     0x080002a3   Thumb Code     0  libinit2.o(.ARM.Collect$$libinit$$00000010)
    __rt_lib_init_relocate_pie_1             0x080002a3   Thumb Code     0  libinit2.o(.ARM.Collect$$libinit$$00000004)
    __rt_lib_init_user_alloc_1               0x080002a3   Thumb Code     0  libinit2.o(.ARM.Collect$$libinit$$0000000E)
    __rt_lib_init_lc_collate_1               0x080002a9   Thumb Code     0  libinit2.o(.ARM.Collect$$libinit$$00000013)
    __rt_lib_init_lc_ctype_2                 0x080002a9   Thumb Code     0  libinit2.o(.ARM.Collect$$libinit$$00000014)
    __rt_lib_init_lc_ctype_1                 0x080002b5   Thumb Code     0  libinit2.o(.ARM.Collect$$libinit$$00000015)
    __rt_lib_init_lc_monetary_1              0x080002b5   Thumb Code     0  libinit2.o(.ARM.Collect$$libinit$$00000017)
    __rt_lib_init_lc_numeric_2               0x080002b5   Thumb Code     0  libinit2.o(.ARM.Collect$$libinit$$00000018)
    __rt_lib_init_alloca_1                   0x080002bf   Thumb Code     0  libinit2.o(.ARM.Collect$$libinit$$00000030)
    __rt_lib_init_argv_1                     0x080002bf   Thumb Code     0  libinit2.o(.ARM.Collect$$libinit$$0000002E)
    __rt_lib_init_atexit_1                   0x080002bf   Thumb Code     0  libinit2.o(.ARM.Collect$$libinit$$0000001D)
    __rt_lib_init_clock_1                    0x080002bf   Thumb Code     0  libinit2.o(.ARM.Collect$$libinit$$00000023)
    __rt_lib_init_cpp_1                      0x080002bf   Thumb Code     0  libinit2.o(.ARM.Collect$$libinit$$00000034)
    __rt_lib_init_exceptions_1               0x080002bf   Thumb Code     0  libinit2.o(.ARM.Collect$$libinit$$00000032)
    __rt_lib_init_fp_trap_1                  0x080002bf   Thumb Code     0  libinit2.o(.ARM.Collect$$libinit$$00000021)
    __rt_lib_init_getenv_1                   0x080002bf   Thumb Code     0  libinit2.o(.ARM.Collect$$libinit$$00000025)
    __rt_lib_init_lc_numeric_1               0x080002bf   Thumb Code     0  libinit2.o(.ARM.Collect$$libinit$$00000019)
    __rt_lib_init_lc_time_1                  0x080002bf   Thumb Code     0  libinit2.o(.ARM.Collect$$libinit$$0000001B)
    __rt_lib_init_return                     0x080002bf   Thumb Code     0  libinit2.o(.ARM.Collect$$libinit$$00000035)
    __rt_lib_init_signal_1                   0x080002bf   Thumb Code     0  libinit2.o(.ARM.Collect$$libinit$$0000001F)
    __rt_lib_init_stdio_1                    0x080002bf   Thumb Code     0  libinit2.o(.ARM.Collect$$libinit$$00000027)
    __rt_lib_shutdown                        0x080002c1   Thumb Code     0  libshutdown.o(.ARM.Collect$$libshutdown$$00000000)
    __rt_lib_shutdown_cpp_1                  0x080002c3   Thumb Code     0  libshutdown2.o(.ARM.Collect$$libshutdown$$00000002)
    __rt_lib_shutdown_fp_trap_1              0x080002c3   Thumb Code     0  libshutdown2.o(.ARM.Collect$$libshutdown$$00000007)
    __rt_lib_shutdown_heap_1                 0x080002c3   Thumb Code     0  libshutdown2.o(.ARM.Collect$$libshutdown$$0000000F)
    __rt_lib_shutdown_return                 0x080002c3   Thumb Code     0  libshutdown2.o(.ARM.Collect$$libshutdown$$00000010)
    __rt_lib_shutdown_signal_1               0x080002c3   Thumb Code     0  libshutdown2.o(.ARM.Collect$$libshutdown$$0000000A)
    __rt_lib_shutdown_stdio_1                0x080002c3   Thumb Code     0  libshutdown2.o(.ARM.Collect$$libshutdown$$00000004)
    __rt_lib_shutdown_user_alloc_1           0x080002c3   Thumb Code     0  libshutdown2.o(.ARM.Collect$$libshutdown$$0000000C)
    __rt_entry                               0x080002c5   Thumb Code     0  __rtentry.o(.ARM.Collect$$rtentry$$00000000)
    __rt_entry_presh_1                       0x080002c5   Thumb Code     0  __rtentry2.o(.ARM.Collect$$rtentry$$00000002)
    __rt_entry_sh                            0x080002c5   Thumb Code     0  __rtentry4.o(.ARM.Collect$$rtentry$$00000004)
    __rt_entry_li                            0x080002cb   Thumb Code     0  __rtentry2.o(.ARM.Collect$$rtentry$$0000000A)
    __rt_entry_postsh_1                      0x080002cb   Thumb Code     0  __rtentry2.o(.ARM.Collect$$rtentry$$00000009)
    __rt_entry_main                          0x080002cf   Thumb Code     0  __rtentry2.o(.ARM.Collect$$rtentry$$0000000D)
    __rt_entry_postli_1                      0x080002cf   Thumb Code     0  __rtentry2.o(.ARM.Collect$$rtentry$$0000000C)
    __rt_exit                                0x080002d7   Thumb Code     0  rtexit.o(.ARM.Collect$$rtexit$$00000000)
    __rt_exit_ls                             0x080002d9   Thumb Code     0  rtexit2.o(.ARM.Collect$$rtexit$$00000003)
    __rt_exit_prels_1                        0x080002d9   Thumb Code     0  rtexit2.o(.ARM.Collect$$rtexit$$00000002)
    __rt_exit_exit                           0x080002dd   Thumb Code     0  rtexit2.o(.ARM.Collect$$rtexit$$00000004)
    Reset_Handler                            0x080002e5   Thumb Code    62  startup_stm32l476xx.o(.text)
    NMI_Handler                              0x08000323   Thumb Code     2  startup_stm32l476xx.o(.text)
    HardFault_Handler                        0x08000325   Thumb Code     2  startup_stm32l476xx.o(.text)
    MemManage_Handler                        0x08000327   Thumb Code     2  startup_stm32l476xx.o(.text)
    BusFault_Handler                         0x08000329   Thumb Code     2  startup_stm32l476xx.o(.text)
    UsageFault_Handler                       0x0800032b   Thumb Code     2  startup_stm32l476xx.o(.text)
    SVC_Handler                              0x0800032d   Thumb Code     2  startup_stm32l476xx.o(.text)
    DebugMon_Handler                         0x0800032f   Thumb Code     2  startup_stm32l476xx.o(.text)
    PendSV_Handler                           0x08000331   Thumb Code     2  startup_stm32l476xx.o(.text)
    SysTick_Handler                          0x08000333   Thumb Code     2  startup_stm32l476xx.o(.text)
    ADC1_2_IRQHandler                        0x08000335   Thumb Code     0  startup_stm32l476xx.o(.text)
    ADC3_IRQHandler                          0x08000335   Thumb Code     0  startup_stm32l476xx.o(.text)
    CAN1_RX0_IRQHandler                      0x08000335   Thumb Code     0  startup_stm32l476xx.o(.text)
    CAN1_RX1_IRQHandler                      0x08000335   Thumb Code     0  startup_stm32l476xx.o(.text)
    CAN1_SCE_IRQHandler                      0x08000335   Thumb Code     0  startup_stm32l476xx.o(.text)
    CAN1_TX_IRQHandler                       0x08000335   Thumb Code     0  startup_stm32l476xx.o(.text)
    COMP_IRQHandler                          0x08000335   Thumb Code     0  startup_stm32l476xx.o(.text)
    DFSDM0_IRQHandler                        0x08000335   Thumb Code     0  startup_stm32l476xx.o(.text)
    DFSDM1_IRQHandler                        0x08000335   Thumb Code     0  startup_stm32l476xx.o(.text)
    DFSDM2_IRQHandler                        0x08000335   Thumb Code     0  startup_stm32l476xx.o(.text)
    DFSDM3_IRQHandler                        0x08000335   Thumb Code     0  startup_stm32l476xx.o(.text)
    DMA1_Channel1_IRQHandler                 0x08000335   Thumb Code     0  startup_stm32l476xx.o(.text)
    DMA1_Channel2_IRQHandler                 0x08000335   Thumb Code     0  startup_stm32l476xx.o(.text)
    DMA1_Channel3_IRQHandler                 0x08000335   Thumb Code     0  startup_stm32l476xx.o(.text)
    DMA1_Channel4_IRQHandler                 0x08000335   Thumb Code     0  startup_stm32l476xx.o(.text)
    DMA1_Channel5_IRQHandler                 0x08000335   Thumb Code     0  startup_stm32l476xx.o(.text)
    DMA1_Channel6_IRQHandler                 0x08000335   Thumb Code     0  startup_stm32l476xx.o(.text)
    DMA1_Channel7_IRQHandler                 0x08000335   Thumb Code     0  startup_stm32l476xx.o(.text)
    DMA2_Channel1_IRQHandler                 0x08000335   Thumb Code     0  startup_stm32l476xx.o(.text)
    DMA2_Channel2_IRQHandler                 0x08000335   Thumb Code     0  startup_stm32l476xx.o(.text)
    DMA2_Channel3_IRQHandler                 0x08000335   Thumb Code     0  startup_stm32l476xx.o(.text)
    DMA2_Channel4_IRQHandler                 0x08000335   Thumb Code     0  startup_stm32l476xx.o(.text)
    DMA2_Channel5_IRQHandler                 0x08000335   Thumb Code     0  startup_stm32l476xx.o(.text)
    DMA2_Channel6_IRQHandler                 0x08000335   Thumb Code     0  startup_stm32l476xx.o(.text)
    DMA2_Channel7_IRQHandler                 0x08000335   Thumb Code     0  startup_stm32l476xx.o(.text)
    EXTI0_IRQHandler                         0x08000335   Thumb Code     0  startup_stm32l476xx.o(.text)
    EXTI15_10_IRQHandler                     0x08000335   Thumb Code     0  startup_stm32l476xx.o(.text)
    EXTI1_IRQHandler                         0x08000335   Thumb Code     0  startup_stm32l476xx.o(.text)
    EXTI2_IRQHandler                         0x08000335   Thumb Code     0  startup_stm32l476xx.o(.text)
    EXTI3_IRQHandler                         0x08000335   Thumb Code     0  startup_stm32l476xx.o(.text)
    EXTI4_IRQHandler                         0x08000335   Thumb Code     0  startup_stm32l476xx.o(.text)
    EXTI9_5_IRQHandler                       0x08000335   Thumb Code     0  startup_stm32l476xx.o(.text)
    FLASH_IRQHandler                         0x08000335   Thumb Code     0  startup_stm32l476xx.o(.text)
    FMC_IRQHandler                           0x08000335   Thumb Code     0  startup_stm32l476xx.o(.text)
    FPU_IRQHandler                           0x08000335   Thumb Code     0  startup_stm32l476xx.o(.text)
    I2C1_ER_IRQHandler                       0x08000335   Thumb Code     0  startup_stm32l476xx.o(.text)
    I2C1_EV_IRQHandler                       0x08000335   Thumb Code     0  startup_stm32l476xx.o(.text)
    I2C2_ER_IRQHandler                       0x08000335   Thumb Code     0  startup_stm32l476xx.o(.text)
    I2C2_EV_IRQHandler                       0x08000335   Thumb Code     0  startup_stm32l476xx.o(.text)
    I2C3_ER_IRQHandler                       0x08000335   Thumb Code     0  startup_stm32l476xx.o(.text)
    I2C3_EV_IRQHandler                       0x08000335   Thumb Code     0  startup_stm32l476xx.o(.text)
    LCD_IRQHandler                           0x08000335   Thumb Code     0  startup_stm32l476xx.o(.text)
    LPTIM1_IRQHandler                        0x08000335   Thumb Code     0  startup_stm32l476xx.o(.text)
    LPTIM2_IRQHandler                        0x08000335   Thumb Code     0  startup_stm32l476xx.o(.text)
    LPUART1_IRQHandler                       0x08000335   Thumb Code     0  startup_stm32l476xx.o(.text)
    OTG_FS_IRQHandler                        0x08000335   Thumb Code     0  startup_stm32l476xx.o(.text)
    PVD_PVM_IRQHandler                       0x08000335   Thumb Code     0  startup_stm32l476xx.o(.text)
    QUADSPI_IRQHandler                       0x08000335   Thumb Code     0  startup_stm32l476xx.o(.text)
    RCC_IRQHandler                           0x08000335   Thumb Code     0  startup_stm32l476xx.o(.text)
    RNG_IRQHandler                           0x08000335   Thumb Code     0  startup_stm32l476xx.o(.text)
    RTC_WKUP_IRQHandler                      0x08000335   Thumb Code     0  startup_stm32l476xx.o(.text)
    SAI1_IRQHandler                          0x08000335   Thumb Code     0  startup_stm32l476xx.o(.text)
    SAI2_IRQHandler                          0x08000335   Thumb Code     0  startup_stm32l476xx.o(.text)
    SDMMC1_IRQHandler                        0x08000335   Thumb Code     0  startup_stm32l476xx.o(.text)
    SPI1_IRQHandler                          0x08000335   Thumb Code     0  startup_stm32l476xx.o(.text)
    SPI2_IRQHandler                          0x08000335   Thumb Code     0  startup_stm32l476xx.o(.text)
    SPI3_IRQHandler                          0x08000335   Thumb Code     0  startup_stm32l476xx.o(.text)
    SWPMI1_IRQHandler                        0x08000335   Thumb Code     0  startup_stm32l476xx.o(.text)
    TAMP_STAMP_IRQHandler                    0x08000335   Thumb Code     0  startup_stm32l476xx.o(.text)
    TIM1_BRK_TIM15_IRQHandler                0x08000335   Thumb Code     0  startup_stm32l476xx.o(.text)
    TIM1_CC_IRQHandler                       0x08000335   Thumb Code     0  startup_stm32l476xx.o(.text)
    TIM1_TRG_COM_TIM17_IRQHandler            0x08000335   Thumb Code     0  startup_stm32l476xx.o(.text)
    TIM1_UP_TIM16_IRQHandler                 0x08000335   Thumb Code     0  startup_stm32l476xx.o(.text)
    TIM2_IRQHandler                          0x08000335   Thumb Code     0  startup_stm32l476xx.o(.text)
    TIM3_IRQHandler                          0x08000335   Thumb Code     0  startup_stm32l476xx.o(.text)
    TIM4_IRQHandler                          0x08000335   Thumb Code     0  startup_stm32l476xx.o(.text)
    TIM5_IRQHandler                          0x08000335   Thumb Code     0  startup_stm32l476xx.o(.text)
    TIM6_DAC_IRQHandler                      0x08000335   Thumb Code     0  startup_stm32l476xx.o(.text)
    TIM7_IRQHandler                          0x08000335   Thumb Code     0  startup_stm32l476xx.o(.text)
    TIM8_BRK_IRQHandler                      0x08000335   Thumb Code     0  startup_stm32l476xx.o(.text)
    TIM8_CC_IRQHandler                       0x08000335   Thumb Code     0  startup_stm32l476xx.o(.text)
    TIM8_TRG_COM_IRQHandler                  0x08000335   Thumb Code     0  startup_stm32l476xx.o(.text)
    TIM8_UP_IRQHandler                       0x08000335   Thumb Code     0  startup_stm32l476xx.o(.text)
    TSC_IRQHandler                           0x08000335   Thumb Code     0  startup_stm32l476xx.o(.text)
    UART4_IRQHandler                         0x08000335   Thumb Code     0  startup_stm32l476xx.o(.text)
    UART5_IRQHandler                         0x08000335   Thumb Code     0  startup_stm32l476xx.o(.text)
    USART1_IRQHandler                        0x08000335   Thumb Code     0  startup_stm32l476xx.o(.text)
    USART2_IRQHandler                        0x08000335   Thumb Code     0  startup_stm32l476xx.o(.text)
    USART3_IRQHandler                        0x08000335   Thumb Code     0  startup_stm32l476xx.o(.text)
    WWDG_IRQHandler                          0x08000335   Thumb Code     0  startup_stm32l476xx.o(.text)
    __user_initial_stackheap                 0x08000339   Thumb Code     0  startup_stm32l476xx.o(.text)
    sprintf                                  0x08000371   Thumb Code    38  sprintf.o(.text)
    __aeabi_memclr                           0x0800039d   Thumb Code     0  rt_memclr.o(.text)
    __rt_memclr                              0x0800039d   Thumb Code     0  rt_memclr.o(.text)
    _memset                                  0x080003a1   Thumb Code    64  rt_memclr.o(.text)
    __use_two_region_memory                  0x080003e1   Thumb Code     2  heapauxi.o(.text)
    __rt_heap_escrow$2region                 0x080003e3   Thumb Code     2  heapauxi.o(.text)
    __rt_heap_expand$2region                 0x080003e5   Thumb Code     2  heapauxi.o(.text)
    _printf_pre_padding                      0x080003e7   Thumb Code    44  _printf_pad.o(.text)
    _printf_post_padding                     0x08000413   Thumb Code    34  _printf_pad.o(.text)
    _printf_truncate_signed                  0x08000435   Thumb Code    18  _printf_truncate.o(.text)
    _printf_truncate_unsigned                0x08000447   Thumb Code    18  _printf_truncate.o(.text)
    _printf_str                              0x08000459   Thumb Code    82  _printf_str.o(.text)
    _printf_int_dec                          0x080004ad   Thumb Code   104  _printf_dec.o(.text)
    _printf_charcount                        0x08000525   Thumb Code    40  _printf_charcount.o(.text)
    _printf_char_common                      0x08000557   Thumb Code    32  _printf_char_common.o(.text)
    _sputc                                   0x0800057d   Thumb Code    10  _sputc.o(.text)
    _printf_wctomb                           0x08000589   Thumb Code   182  _printf_wctomb.o(.text)
    _printf_longlong_dec                     0x0800064d   Thumb Code   108  _printf_longlong_dec.o(.text)
    _printf_longlong_oct                     0x080006c9   Thumb Code    68  _printf_oct_int_ll.o(.text)
    _printf_int_oct                          0x0800070d   Thumb Code    24  _printf_oct_int_ll.o(.text)
    _printf_ll_oct                           0x08000725   Thumb Code    12  _printf_oct_int_ll.o(.text)
    _printf_longlong_hex                     0x08000739   Thumb Code    86  _printf_hex_int_ll_ptr.o(.text)
    _printf_int_hex                          0x0800078f   Thumb Code    28  _printf_hex_int_ll_ptr.o(.text)
    _printf_ll_hex                           0x080007ab   Thumb Code    12  _printf_hex_int_ll_ptr.o(.text)
    _printf_hex_ptr                          0x080007b7   Thumb Code    18  _printf_hex_int_ll_ptr.o(.text)
    __printf                                 0x080007cd   Thumb Code   388  __printf_flags_ss_wp.o(.text)
    __aeabi_memclr4                          0x0800095b   Thumb Code     0  rt_memclr_w.o(.text)
    __aeabi_memclr8                          0x0800095b   Thumb Code     0  rt_memclr_w.o(.text)
    __rt_memclr_w                            0x0800095b   Thumb Code     0  rt_memclr_w.o(.text)
    _memset_w                                0x0800095f   Thumb Code    74  rt_memclr_w.o(.text)
    _ll_udiv10                               0x080009a9   Thumb Code   138  lludiv10.o(.text)
    _printf_int_common                       0x08000a33   Thumb Code   178  _printf_intcommon.o(.text)
    _printf_fp_dec_real                      0x08000c95   Thumb Code   620  _printf_fp_dec.o(.text)
    _printf_fp_hex_real                      0x08000f09   Thumb Code   756  _printf_fp_hex.o(.text)
    _printf_cs_common                        0x0800120b   Thumb Code    20  _printf_char.o(.text)
    _printf_char                             0x0800121f   Thumb Code    16  _printf_char.o(.text)
    _printf_string                           0x0800122f   Thumb Code     8  _printf_char.o(.text)
    _printf_lcs_common                       0x08001237   Thumb Code    20  _printf_wchar.o(.text)
    _printf_wchar                            0x0800124b   Thumb Code    16  _printf_wchar.o(.text)
    _printf_wstring                          0x0800125b   Thumb Code     8  _printf_wchar.o(.text)
    _c16rtomb                                0x08001263   Thumb Code    72  _c16rtomb.o(.text)
    _wcrtomb                                 0x08001263   Thumb Code     0  _c16rtomb.o(.text)
    __user_setup_stackheap                   0x080012ab   Thumb Code    74  sys_stackheap_outer.o(.text)
    __rt_ctype_table                         0x080012f5   Thumb Code    16  rt_ctype_table.o(.text)
    __rt_locale                              0x08001305   Thumb Code     8  rt_locale_intlibspace.o(.text)
    _printf_fp_infnan                        0x0800130d   Thumb Code   112  _printf_fp_infnan.o(.text)
    _btod_etento                             0x0800138d   Thumb Code   224  bigflt0.o(.text)
    exit                                     0x08001471   Thumb Code    18  exit.o(.text)
    __user_libspace                          0x08001485   Thumb Code     8  libspace.o(.text)
    __user_perproc_libspace                  0x08001485   Thumb Code     0  libspace.o(.text)
    __user_perthread_libspace                0x08001485   Thumb Code     0  libspace.o(.text)
    strcmp                                   0x08001491   Thumb Code   124  strcmpv7em.o(.text)
    _sys_exit                                0x0800150d   Thumb Code     8  sys_exit.o(.text)
    __I$use$semihosting                      0x08001519   Thumb Code     0  use_no_semi.o(.text)
    __use_no_semihosting_swi                 0x08001519   Thumb Code     2  use_no_semi.o(.text)
    __semihosting_library_function           0x0800151b   Thumb Code     0  indicate_semi.o(.text)
    Get_RTC_Calendar                         0x0800151d   Thumb Code   270  rtc.o(.text.Get_RTC_Calendar)
    Green_LED_Toggle                         0x0800162d   Thumb Code    16  led.o(.text.Green_LED_Toggle)
    LED_Init                                 0x0800163d   Thumb Code   214  led.o(.text.LED_Init)
    RTC_Alarm_Enable                         0x08001715   Thumb Code    88  main.o(.text.RTC_Alarm_Enable)
    RTC_Alarm_IRQHandler                     0x0800176d   Thumb Code    48  main.o(.text.RTC_Alarm_IRQHandler)
    RTC_BAK_SetRegister                      0x0800179d   Thumb Code    40  rtc.o(.text.RTC_BAK_SetRegister)
    RTC_Clock_Init                           0x080017c5   Thumb Code   216  rtc.o(.text.RTC_Clock_Init)
    RTC_DATE_GetDay                          0x0800189d   Thumb Code    50  rtc.o(.text.RTC_DATE_GetDay)
    RTC_DATE_GetMonth                        0x080018d1   Thumb Code    50  rtc.o(.text.RTC_DATE_GetMonth)
    RTC_DATE_GetYear                         0x08001905   Thumb Code    50  rtc.o(.text.RTC_DATE_GetYear)
    RTC_Disable_Write_Protection             0x08001939   Thumb Code    26  rtc.o(.text.RTC_Disable_Write_Protection)
    RTC_Enable_Write_Protection              0x08001955   Thumb Code    18  rtc.o(.text.RTC_Enable_Write_Protection)
    RTC_Init                                 0x08001969   Thumb Code   128  rtc.o(.text.RTC_Init)
    RTC_Set_Alarm                            0x080019e9   Thumb Code   238  main.o(.text.RTC_Set_Alarm)
    RTC_Set_Calendar_Date                    0x08001ad9   Thumb Code    44  rtc.o(.text.RTC_Set_Calendar_Date)
    RTC_Set_Time                             0x08001b05   Thumb Code    44  rtc.o(.text.RTC_Set_Time)
    RTC_TIME_GetHour                         0x08001b31   Thumb Code    50  rtc.o(.text.RTC_TIME_GetHour)
    RTC_TIME_GetMinute                       0x08001b65   Thumb Code    50  rtc.o(.text.RTC_TIME_GetMinute)
    RTC_TIME_GetSecond                       0x08001b99   Thumb Code    50  rtc.o(.text.RTC_TIME_GetSecond)
    System_Clock_Init                        0x08001bcd   Thumb Code   466  sysclock.o(.text.System_Clock_Init)
    main                                     0x08001e15   Thumb Code    58  main.o(.text.main)
    _btod_d2e                                0x08001e4f   Thumb Code    62  btod.o(CL$$btod_d2e)
    _d2e_denorm_low                          0x08001e8d   Thumb Code    70  btod.o(CL$$btod_d2e_denorm_low)
    _d2e_norm_op1                            0x08001ed3   Thumb Code    96  btod.o(CL$$btod_d2e_norm_op1)
    __btod_div_common                        0x08001f35   Thumb Code   696  btod.o(CL$$btod_div_common)
    _e2e                                     0x0800226d   Thumb Code   220  btod.o(CL$$btod_e2e)
    _btod_ediv                               0x08002349   Thumb Code    42  btod.o(CL$$btod_ediv)
    _btod_emul                               0x08002373   Thumb Code    42  btod.o(CL$$btod_emul)
    __btod_mult_common                       0x0800239d   Thumb Code   580  btod.o(CL$$btod_mult_common)
    __ARM_fpclassify                         0x080025e1   Thumb Code    48  fpclassify.o(i.__ARM_fpclassify)
    _is_digit                                0x08002611   Thumb Code    14  __printf_wp.o(i._is_digit)
    _get_lc_numeric                          0x08002621   Thumb Code    44  lc_numeric_c.o(locale$$code)
    _get_lc_ctype                            0x0800264d   Thumb Code    44  lc_ctype_c.o(locale$$code)
    _fp_init                                 0x08002679   Thumb Code    26  fpinit.o(x$fpl$fpinit)
    __fplib_config_fpu_vfp                   0x08002691   Thumb Code     0  fpinit.o(x$fpl$fpinit)
    __fplib_config_pureend_doubles           0x08002691   Thumb Code     0  fpinit.o(x$fpl$fpinit)
    _printf_fp_dec                           0x08002693   Thumb Code     4  printf1.o(x$fpl$printf1)
    _printf_fp_hex                           0x08002697   Thumb Code     4  printf2.o(x$fpl$printf2)
    __I$use$fp                               0x0800269a   Number         0  usenofp.o(x$fpl$usenofp)
    Region$$Table$$Base                      0x080027b8   Number         0  anon$$obj.o(Region$$Table)
    Region$$Table$$Limit                     0x080027c8   Number         0  anon$$obj.o(Region$$Table)
    __ctype                                  0x080027f1   Data           0  lc_ctype_c.o(locale$$data)
    Image$$ER_IROM1$$RO$$Limit               0x080028f4   Number         0  anon$$obj.o ABSOLUTE
    Image$$ER_IROM1$$RW$$Base                0x080028f4   Number         0  anon$$obj.o ABSOLUTE
    Image$$ER_IROM1$$RW$$Limit               0x080028f4   Number         0  anon$$obj.o ABSOLUTE
    Image$$ER_IROM1$$ZI$$Base                0x080028f4   Number         0  anon$$obj.o ABSOLUTE
    Image$$ER_IROM1$$ZI$$Limit               0x080028f4   Number         0  anon$$obj.o ABSOLUTE
    Load$$RW_IRAM1$$Base                     0x080028f4   Number         0  anon$$obj.o ABSOLUTE
    Image$$RW_IRAM1$$Base                    0x20000000   Number         0  anon$$obj.o ABSOLUTE
    Image$$RW_IRAM1$$Limit                   0x20000000   Number         0  anon$$obj.o ABSOLUTE
    Image$$RW_IRAM1$$RO$$Base                0x20000000   Number         0  anon$$obj.o ABSOLUTE
    Image$$RW_IRAM1$$RW$$Base                0x20000000   Number         0  anon$$obj.o ABSOLUTE
    Image$$RW_IRAM1$$RW$$Limit               0x20000000   Number         0  anon$$obj.o ABSOLUTE
    Image$$RW_IRAM1$$ZI$$Base                0x20000000   Number         0  anon$$obj.o ABSOLUTE
    __libspace_start                         0x20000000   Data          96  libspace.o(.bss)
    __temporary_stack_top$libspace           0x20000060   Data           0  libspace.o(.bss)
    Image$$RW_IRAM1$$ZI$$Limit               0x20000660   Number         0  anon$$obj.o ABSOLUTE



==============================================================================

Memory Map of the image

  Image Entry point : 0x08000189

  Load Region LR_IROM1 (Base: 0x08000000, Size: 0x000028f4, Max: 0x00100000, ABSOLUTE)

    Execution Region ER_IROM1 (Exec base: 0x08000000, Load base: 0x08000000, Size: 0x000028f4, Max: 0x00100000, ABSOLUTE)

    Exec Addr    Load Addr    Size         Type   Attr      Idx    E Section Name        Object

    0x08000000   0x08000000   0x00000188   Data   RO           82    RESET               startup_stm32l476xx.o
    0x08000188   0x08000188   0x00000008   Code   RO          105  * !!!main             c_w.l(__main.o)
    0x08000190   0x08000190   0x0000005c   Code   RO          444    !!!scatter          c_w.l(__scatter.o)
    0x080001ec   0x080001ec   0x00000002   Code   RO          445    !!handler_null      c_w.l(__scatter.o)
    0x080001ee   0x080001ee   0x00000002   PAD
    0x080001f0   0x080001f0   0x0000001c   Code   RO          448    !!handler_zi        c_w.l(__scatter_zi.o)
    0x0800020c   0x0800020c   0x00000000   Code   RO          189    .ARM.Collect$$_printf_percent$$00000000  c_w.l(_printf_percent.o)
    0x0800020c   0x0800020c   0x00000006   Code   RO          178    .ARM.Collect$$_printf_percent$$00000001  c_w.l(_printf_n.o)
    0x08000212   0x08000212   0x00000006   Code   RO          180    .ARM.Collect$$_printf_percent$$00000002  c_w.l(_printf_p.o)
    0x08000218   0x08000218   0x00000006   Code   RO          185    .ARM.Collect$$_printf_percent$$00000003  c_w.l(_printf_f.o)
    0x0800021e   0x0800021e   0x00000006   Code   RO          186    .ARM.Collect$$_printf_percent$$00000004  c_w.l(_printf_e.o)
    0x08000224   0x08000224   0x00000006   Code   RO          187    .ARM.Collect$$_printf_percent$$00000005  c_w.l(_printf_g.o)
    0x0800022a   0x0800022a   0x00000006   Code   RO          188    .ARM.Collect$$_printf_percent$$00000006  c_w.l(_printf_a.o)
    0x08000230   0x08000230   0x0000000a   Code   RO          193    .ARM.Collect$$_printf_percent$$00000007  c_w.l(_printf_ll.o)
    0x0800023a   0x0800023a   0x00000006   Code   RO          182    .ARM.Collect$$_printf_percent$$00000008  c_w.l(_printf_i.o)
    0x08000240   0x08000240   0x00000006   Code   RO          183    .ARM.Collect$$_printf_percent$$00000009  c_w.l(_printf_d.o)
    0x08000246   0x08000246   0x00000006   Code   RO          184    .ARM.Collect$$_printf_percent$$0000000A  c_w.l(_printf_u.o)
    0x0800024c   0x0800024c   0x00000006   Code   RO          181    .ARM.Collect$$_printf_percent$$0000000B  c_w.l(_printf_o.o)
    0x08000252   0x08000252   0x00000006   Code   RO          179    .ARM.Collect$$_printf_percent$$0000000C  c_w.l(_printf_x.o)
    0x08000258   0x08000258   0x00000006   Code   RO          190    .ARM.Collect$$_printf_percent$$0000000D  c_w.l(_printf_lli.o)
    0x0800025e   0x0800025e   0x00000006   Code   RO          191    .ARM.Collect$$_printf_percent$$0000000E  c_w.l(_printf_lld.o)
    0x08000264   0x08000264   0x00000006   Code   RO          192    .ARM.Collect$$_printf_percent$$0000000F  c_w.l(_printf_llu.o)
    0x0800026a   0x0800026a   0x00000006   Code   RO          197    .ARM.Collect$$_printf_percent$$00000010  c_w.l(_printf_llo.o)
    0x08000270   0x08000270   0x00000006   Code   RO          198    .ARM.Collect$$_printf_percent$$00000011  c_w.l(_printf_llx.o)
    0x08000276   0x08000276   0x0000000a   Code   RO          194    .ARM.Collect$$_printf_percent$$00000012  c_w.l(_printf_l.o)
    0x08000280   0x08000280   0x00000006   Code   RO          176    .ARM.Collect$$_printf_percent$$00000013  c_w.l(_printf_c.o)
    0x08000286   0x08000286   0x00000006   Code   RO          177    .ARM.Collect$$_printf_percent$$00000014  c_w.l(_printf_s.o)
    0x0800028c   0x0800028c   0x00000006   Code   RO          195    .ARM.Collect$$_printf_percent$$00000015  c_w.l(_printf_lc.o)
    0x08000292   0x08000292   0x00000006   Code   RO          196    .ARM.Collect$$_printf_percent$$00000016  c_w.l(_printf_ls.o)
    0x08000298   0x08000298   0x00000004   Code   RO          241    .ARM.Collect$$_printf_percent$$00000017  c_w.l(_printf_percent_end.o)
    0x0800029c   0x0800029c   0x00000002   Code   RO          292    .ARM.Collect$$libinit$$00000000  c_w.l(libinit.o)
    0x0800029e   0x0800029e   0x00000004   Code   RO          310    .ARM.Collect$$libinit$$00000001  c_w.l(libinit2.o)
    0x080002a2   0x080002a2   0x00000000   Code   RO          313    .ARM.Collect$$libinit$$00000004  c_w.l(libinit2.o)
    0x080002a2   0x080002a2   0x00000000   Code   RO          315    .ARM.Collect$$libinit$$00000006  c_w.l(libinit2.o)
    0x080002a2   0x080002a2   0x00000000   Code   RO          318    .ARM.Collect$$libinit$$0000000C  c_w.l(libinit2.o)
    0x080002a2   0x080002a2   0x00000000   Code   RO          320    .ARM.Collect$$libinit$$0000000E  c_w.l(libinit2.o)
    0x080002a2   0x080002a2   0x00000000   Code   RO          322    .ARM.Collect$$libinit$$00000010  c_w.l(libinit2.o)
    0x080002a2   0x080002a2   0x00000006   Code   RO          323    .ARM.Collect$$libinit$$00000011  c_w.l(libinit2.o)
    0x080002a8   0x080002a8   0x00000000   Code   RO          325    .ARM.Collect$$libinit$$00000013  c_w.l(libinit2.o)
    0x080002a8   0x080002a8   0x0000000c   Code   RO          326    .ARM.Collect$$libinit$$00000014  c_w.l(libinit2.o)
    0x080002b4   0x080002b4   0x00000000   Code   RO          327    .ARM.Collect$$libinit$$00000015  c_w.l(libinit2.o)
    0x080002b4   0x080002b4   0x00000000   Code   RO          329    .ARM.Collect$$libinit$$00000017  c_w.l(libinit2.o)
    0x080002b4   0x080002b4   0x0000000a   Code   RO          330    .ARM.Collect$$libinit$$00000018  c_w.l(libinit2.o)
    0x080002be   0x080002be   0x00000000   Code   RO          331    .ARM.Collect$$libinit$$00000019  c_w.l(libinit2.o)
    0x080002be   0x080002be   0x00000000   Code   RO          333    .ARM.Collect$$libinit$$0000001B  c_w.l(libinit2.o)
    0x080002be   0x080002be   0x00000000   Code   RO          335    .ARM.Collect$$libinit$$0000001D  c_w.l(libinit2.o)
    0x080002be   0x080002be   0x00000000   Code   RO          337    .ARM.Collect$$libinit$$0000001F  c_w.l(libinit2.o)
    0x080002be   0x080002be   0x00000000   Code   RO          339    .ARM.Collect$$libinit$$00000021  c_w.l(libinit2.o)
    0x080002be   0x080002be   0x00000000   Code   RO          341    .ARM.Collect$$libinit$$00000023  c_w.l(libinit2.o)
    0x080002be   0x080002be   0x00000000   Code   RO          343    .ARM.Collect$$libinit$$00000025  c_w.l(libinit2.o)
    0x080002be   0x080002be   0x00000000   Code   RO          345    .ARM.Collect$$libinit$$00000027  c_w.l(libinit2.o)
    0x080002be   0x080002be   0x00000000   Code   RO          349    .ARM.Collect$$libinit$$0000002E  c_w.l(libinit2.o)
    0x080002be   0x080002be   0x00000000   Code   RO          351    .ARM.Collect$$libinit$$00000030  c_w.l(libinit2.o)
    0x080002be   0x080002be   0x00000000   Code   RO          353    .ARM.Collect$$libinit$$00000032  c_w.l(libinit2.o)
    0x080002be   0x080002be   0x00000000   Code   RO          355    .ARM.Collect$$libinit$$00000034  c_w.l(libinit2.o)
    0x080002be   0x080002be   0x00000002   Code   RO          356    .ARM.Collect$$libinit$$00000035  c_w.l(libinit2.o)
    0x080002c0   0x080002c0   0x00000002   Code   RO          380    .ARM.Collect$$libshutdown$$00000000  c_w.l(libshutdown.o)
    0x080002c2   0x080002c2   0x00000000   Code   RO          395    .ARM.Collect$$libshutdown$$00000002  c_w.l(libshutdown2.o)
    0x080002c2   0x080002c2   0x00000000   Code   RO          397    .ARM.Collect$$libshutdown$$00000004  c_w.l(libshutdown2.o)
    0x080002c2   0x080002c2   0x00000000   Code   RO          400    .ARM.Collect$$libshutdown$$00000007  c_w.l(libshutdown2.o)
    0x080002c2   0x080002c2   0x00000000   Code   RO          403    .ARM.Collect$$libshutdown$$0000000A  c_w.l(libshutdown2.o)
    0x080002c2   0x080002c2   0x00000000   Code   RO          405    .ARM.Collect$$libshutdown$$0000000C  c_w.l(libshutdown2.o)
    0x080002c2   0x080002c2   0x00000000   Code   RO          408    .ARM.Collect$$libshutdown$$0000000F  c_w.l(libshutdown2.o)
    0x080002c2   0x080002c2   0x00000002   Code   RO          409    .ARM.Collect$$libshutdown$$00000010  c_w.l(libshutdown2.o)
    0x080002c4   0x080002c4   0x00000000   Code   RO          107    .ARM.Collect$$rtentry$$00000000  c_w.l(__rtentry.o)
    0x080002c4   0x080002c4   0x00000000   Code   RO          210    .ARM.Collect$$rtentry$$00000002  c_w.l(__rtentry2.o)
    0x080002c4   0x080002c4   0x00000006   Code   RO          222    .ARM.Collect$$rtentry$$00000004  c_w.l(__rtentry4.o)
    0x080002ca   0x080002ca   0x00000000   Code   RO          212    .ARM.Collect$$rtentry$$00000009  c_w.l(__rtentry2.o)
    0x080002ca   0x080002ca   0x00000004   Code   RO          213    .ARM.Collect$$rtentry$$0000000A  c_w.l(__rtentry2.o)
    0x080002ce   0x080002ce   0x00000000   Code   RO          215    .ARM.Collect$$rtentry$$0000000C  c_w.l(__rtentry2.o)
    0x080002ce   0x080002ce   0x00000008   Code   RO          216    .ARM.Collect$$rtentry$$0000000D  c_w.l(__rtentry2.o)
    0x080002d6   0x080002d6   0x00000002   Code   RO          301    .ARM.Collect$$rtexit$$00000000  c_w.l(rtexit.o)
    0x080002d8   0x080002d8   0x00000000   Code   RO          358    .ARM.Collect$$rtexit$$00000002  c_w.l(rtexit2.o)
    0x080002d8   0x080002d8   0x00000004   Code   RO          359    .ARM.Collect$$rtexit$$00000003  c_w.l(rtexit2.o)
    0x080002dc   0x080002dc   0x00000006   Code   RO          360    .ARM.Collect$$rtexit$$00000004  c_w.l(rtexit2.o)
    0x080002e2   0x080002e2   0x00000002   PAD
    0x080002e4   0x080002e4   0x0000008c   Code   RO           83    .text               startup_stm32l476xx.o
    0x08000370   0x08000370   0x0000002c   Code   RO           99    .text               c_w.l(sprintf.o)
    0x0800039c   0x0800039c   0x00000044   Code   RO          101    .text               c_w.l(rt_memclr.o)
    0x080003e0   0x080003e0   0x00000006   Code   RO          103    .text               c_w.l(heapauxi.o)
    0x080003e6   0x080003e6   0x0000004e   Code   RO          110    .text               c_w.l(_printf_pad.o)
    0x08000434   0x08000434   0x00000024   Code   RO          112    .text               c_w.l(_printf_truncate.o)
    0x08000458   0x08000458   0x00000052   Code   RO          114    .text               c_w.l(_printf_str.o)
    0x080004aa   0x080004aa   0x00000002   PAD
    0x080004ac   0x080004ac   0x00000078   Code   RO          116    .text               c_w.l(_printf_dec.o)
    0x08000524   0x08000524   0x00000028   Code   RO          118    .text               c_w.l(_printf_charcount.o)
    0x0800054c   0x0800054c   0x00000030   Code   RO          120    .text               c_w.l(_printf_char_common.o)
    0x0800057c   0x0800057c   0x0000000a   Code   RO          122    .text               c_w.l(_sputc.o)
    0x08000586   0x08000586   0x00000002   PAD
    0x08000588   0x08000588   0x000000c2   Code   RO          124    .text               c_w.l(_printf_wctomb.o)
    0x0800064a   0x0800064a   0x00000002   PAD
    0x0800064c   0x0800064c   0x0000007c   Code   RO          127    .text               c_w.l(_printf_longlong_dec.o)
    0x080006c8   0x080006c8   0x00000070   Code   RO          133    .text               c_w.l(_printf_oct_int_ll.o)
    0x08000738   0x08000738   0x00000094   Code   RO          153    .text               c_w.l(_printf_hex_int_ll_ptr.o)
    0x080007cc   0x080007cc   0x0000018e   Code   RO          173    .text               c_w.l(__printf_flags_ss_wp.o)
    0x0800095a   0x0800095a   0x0000004e   Code   RO          199    .text               c_w.l(rt_memclr_w.o)
    0x080009a8   0x080009a8   0x0000008a   Code   RO          224    .text               c_w.l(lludiv10.o)
    0x08000a32   0x08000a32   0x000000b2   Code   RO          226    .text               c_w.l(_printf_intcommon.o)
    0x08000ae4   0x08000ae4   0x00000422   Code   RO          228    .text               c_w.l(_printf_fp_dec.o)
    0x08000f06   0x08000f06   0x00000002   PAD
    0x08000f08   0x08000f08   0x00000302   Code   RO          232    .text               c_w.l(_printf_fp_hex.o)
    0x0800120a   0x0800120a   0x0000002c   Code   RO          237    .text               c_w.l(_printf_char.o)
    0x08001236   0x08001236   0x0000002c   Code   RO          239    .text               c_w.l(_printf_wchar.o)
    0x08001262   0x08001262   0x00000048   Code   RO          242    .text               c_w.l(_c16rtomb.o)
    0x080012aa   0x080012aa   0x0000004a   Code   RO          244    .text               c_w.l(sys_stackheap_outer.o)
    0x080012f4   0x080012f4   0x00000010   Code   RO          246    .text               c_w.l(rt_ctype_table.o)
    0x08001304   0x08001304   0x00000008   Code   RO          251    .text               c_w.l(rt_locale_intlibspace.o)
    0x0800130c   0x0800130c   0x00000080   Code   RO          253    .text               c_w.l(_printf_fp_infnan.o)
    0x0800138c   0x0800138c   0x000000e4   Code   RO          255    .text               c_w.l(bigflt0.o)
    0x08001470   0x08001470   0x00000012   Code   RO          285    .text               c_w.l(exit.o)
    0x08001482   0x08001482   0x00000002   PAD
    0x08001484   0x08001484   0x00000008   Code   RO          298    .text               c_w.l(libspace.o)
    0x0800148c   0x0800148c   0x00000004   PAD
    0x08001490   0x08001490   0x0000007c   Code   RO          308    .text               c_w.l(strcmpv7em.o)
    0x0800150c   0x0800150c   0x0000000c   Code   RO          370    .text               c_w.l(sys_exit.o)
    0x08001518   0x08001518   0x00000002   Code   RO          385    .text               c_w.l(use_no_semi.o)
    0x0800151a   0x0800151a   0x00000000   Code   RO          387    .text               c_w.l(indicate_semi.o)
    0x0800151a   0x0800151a   0x00000002   PAD
    0x0800151c   0x0800151c   0x0000010e   Code   RO           71    .text.Get_RTC_Calendar  rtc.o
    0x0800162a   0x0800162a   0x00000002   PAD
    0x0800162c   0x0800162c   0x00000010   Code   RO            8    .text.Green_LED_Toggle  led.o
    0x0800163c   0x0800163c   0x000000d6   Code   RO            2    .text.LED_Init      led.o
    0x08001712   0x08001712   0x00000002   PAD
    0x08001714   0x08001714   0x00000058   Code   RO           19    .text.RTC_Alarm_Enable  main.o
    0x0800176c   0x0800176c   0x00000030   Code   RO           29    .text.RTC_Alarm_IRQHandler  main.o
    0x0800179c   0x0800179c   0x00000028   Code   RO           43    .text.RTC_BAK_SetRegister  rtc.o
    0x080017c4   0x080017c4   0x000000d8   Code   RO           47    .text.RTC_Clock_Init  rtc.o
    0x0800189c   0x0800189c   0x00000032   Code   RO           65    .text.RTC_DATE_GetDay  rtc.o
    0x080018ce   0x080018ce   0x00000002   PAD
    0x080018d0   0x080018d0   0x00000032   Code   RO           63    .text.RTC_DATE_GetMonth  rtc.o
    0x08001902   0x08001902   0x00000002   PAD
    0x08001904   0x08001904   0x00000032   Code   RO           67    .text.RTC_DATE_GetYear  rtc.o
    0x08001936   0x08001936   0x00000002   PAD
    0x08001938   0x08001938   0x0000001a   Code   RO           49    .text.RTC_Disable_Write_Protection  rtc.o
    0x08001952   0x08001952   0x00000002   PAD
    0x08001954   0x08001954   0x00000012   Code   RO           55    .text.RTC_Enable_Write_Protection  rtc.o
    0x08001966   0x08001966   0x00000002   PAD
    0x08001968   0x08001968   0x00000080   Code   RO           45    .text.RTC_Init      rtc.o
    0x080019e8   0x080019e8   0x000000ee   Code   RO           17    .text.RTC_Set_Alarm  main.o
    0x08001ad6   0x08001ad6   0x00000002   PAD
    0x08001ad8   0x08001ad8   0x0000002c   Code   RO           51    .text.RTC_Set_Calendar_Date  rtc.o
    0x08001b04   0x08001b04   0x0000002c   Code   RO           53    .text.RTC_Set_Time  rtc.o
    0x08001b30   0x08001b30   0x00000032   Code   RO           57    .text.RTC_TIME_GetHour  rtc.o
    0x08001b62   0x08001b62   0x00000002   PAD
    0x08001b64   0x08001b64   0x00000032   Code   RO           59    .text.RTC_TIME_GetMinute  rtc.o
    0x08001b96   0x08001b96   0x00000002   PAD
    0x08001b98   0x08001b98   0x00000032   Code   RO           61    .text.RTC_TIME_GetSecond  rtc.o
    0x08001bca   0x08001bca   0x00000002   PAD
    0x08001bcc   0x08001bcc   0x000001d2   Code   RO           90    .text.System_Clock_Init  sysclock.o
    0x08001d9e   0x08001d9e   0x00000002   PAD
    0x08001da0   0x08001da0   0x00000030   Code   RO           21    .text.__NVIC_EnableIRQ  main.o
    0x08001dd0   0x08001dd0   0x00000042   Code   RO           23    .text.__NVIC_SetPriority  main.o
    0x08001e12   0x08001e12   0x00000002   PAD
    0x08001e14   0x08001e14   0x0000003a   Code   RO           31    .text.main          main.o
    0x08001e4e   0x08001e4e   0x0000003e   Code   RO          258    CL$$btod_d2e        c_w.l(btod.o)
    0x08001e8c   0x08001e8c   0x00000046   Code   RO          260    CL$$btod_d2e_denorm_low  c_w.l(btod.o)
    0x08001ed2   0x08001ed2   0x00000060   Code   RO          259    CL$$btod_d2e_norm_op1  c_w.l(btod.o)
    0x08001f32   0x08001f32   0x00000002   PAD
    0x08001f34   0x08001f34   0x00000338   Code   RO          268    CL$$btod_div_common  c_w.l(btod.o)
    0x0800226c   0x0800226c   0x000000dc   Code   RO          265    CL$$btod_e2e        c_w.l(btod.o)
    0x08002348   0x08002348   0x0000002a   Code   RO          262    CL$$btod_ediv       c_w.l(btod.o)
    0x08002372   0x08002372   0x0000002a   Code   RO          261    CL$$btod_emul       c_w.l(btod.o)
    0x0800239c   0x0800239c   0x00000244   Code   RO          267    CL$$btod_mult_common  c_w.l(btod.o)
    0x080025e0   0x080025e0   0x00000030   Code   RO          296    i.__ARM_fpclassify  m_wm.l(fpclassify.o)
    0x08002610   0x08002610   0x0000000e   Code   RO          166    i._is_digit         c_w.l(__printf_wp.o)
    0x0800261e   0x0800261e   0x00000002   PAD
    0x08002620   0x08002620   0x0000002c   Code   RO          283    locale$$code        c_w.l(lc_numeric_c.o)
    0x0800264c   0x0800264c   0x0000002c   Code   RO          306    locale$$code        c_w.l(lc_ctype_c.o)
    0x08002678   0x08002678   0x0000001a   Code   RO          368    x$fpl$fpinit        fz_wm.l(fpinit.o)
    0x08002692   0x08002692   0x00000004   Code   RO          201    x$fpl$printf1       fz_wm.l(printf1.o)
    0x08002696   0x08002696   0x00000004   Code   RO          203    x$fpl$printf2       fz_wm.l(printf2.o)
    0x0800269a   0x0800269a   0x00000000   Code   RO          295    x$fpl$usenofp       fz_wm.l(usenofp.o)
    0x0800269a   0x0800269a   0x00000002   PAD
    0x0800269c   0x0800269c   0x00000008   Data   RO          125    .constdata          c_w.l(_printf_wctomb.o)
    0x080026a4   0x080026a4   0x00000028   Data   RO          154    .constdata          c_w.l(_printf_hex_int_ll_ptr.o)
    0x080026cc   0x080026cc   0x00000011   Data   RO          174    .constdata          c_w.l(__printf_flags_ss_wp.o)
    0x080026dd   0x080026dd   0x00000026   Data   RO          233    .constdata          c_w.l(_printf_fp_hex.o)
    0x08002703   0x08002703   0x00000001   PAD
    0x08002704   0x08002704   0x00000094   Data   RO          256    .constdata          c_w.l(bigflt0.o)
    0x08002798   0x08002798   0x0000001e   Data   RO           73    .rodata.str1.1      rtc.o
    0x080027b6   0x080027b6   0x00000002   PAD
    0x080027b8   0x080027b8   0x00000010   Data   RO          443    Region$$Table       anon$$obj.o
    0x080027c8   0x080027c8   0x0000001c   Data   RO          282    locale$$data        c_w.l(lc_numeric_c.o)
    0x080027e4   0x080027e4   0x00000110   Data   RO          305    locale$$data        c_w.l(lc_ctype_c.o)


    Execution Region RW_IRAM1 (Exec base: 0x20000000, Load base: 0x080028f4, Size: 0x00000660, Max: 0x00018000, ABSOLUTE)

    Exec Addr    Load Addr    Size         Type   Attr      Idx    E Section Name        Object

    0x20000000        -       0x00000060   Zero   RW          299    .bss                c_w.l(libspace.o)
    0x20000060        -       0x00000200   Zero   RW           81    HEAP                startup_stm32l476xx.o
    0x20000260        -       0x00000400   Zero   RW           80    STACK               startup_stm32l476xx.o


==============================================================================

Image component sizes


      Code (inc. data)   RO Data    RW Data    ZI Data      Debug   Object Name

       230          0          0          0          0       2031   led.o
       546          0          0          0          0       5891   main.o
      1086          0         30          0          0       5814   rtc.o
       140         48        392          0       1536        904   startup_stm32l476xx.o
       466          0          0          0          0       2120   sysclock.o

    ----------------------------------------------------------------------
      2494         48        440          0       1536      16760   Object Totals
         0          0         16          0          0          0   (incl. Generated)
        26          0          2          0          0          0   (incl. Padding)

    ----------------------------------------------------------------------

      Code (inc. data)   RO Data    RW Data    ZI Data      Debug   Library Member Name

         8          0          0          0          0         68   __main.o
       398          4         17          0          0         92   __printf_flags_ss_wp.o
        14          0          0          0          0         68   __printf_wp.o
         0          0          0          0          0          0   __rtentry.o
        12          0          0          0          0          0   __rtentry2.o
         6          0          0          0          0          0   __rtentry4.o
        94          8          0          0          0          0   __scatter.o
        28          0          0          0          0          0   __scatter_zi.o
        72          0          0          0          0         96   _c16rtomb.o
         6          0          0          0          0          0   _printf_a.o
         6          0          0          0          0          0   _printf_c.o
        44          0          0          0          0        108   _printf_char.o
        48          6          0          0          0         96   _printf_char_common.o
        40          0          0          0          0         68   _printf_charcount.o
         6          0          0          0          0          0   _printf_d.o
       120         16          0          0          0         92   _printf_dec.o
         6          0          0          0          0          0   _printf_e.o
         6          0          0          0          0          0   _printf_f.o
      1058          0          0          0          0        148   _printf_fp_dec.o
       770          8         38          0          0        100   _printf_fp_hex.o
       128         16          0          0          0         84   _printf_fp_infnan.o
         6          0          0          0          0          0   _printf_g.o
       148          4         40          0          0        160   _printf_hex_int_ll_ptr.o
         6          0          0          0          0          0   _printf_i.o
       178          0          0          0          0         88   _printf_intcommon.o
        10          0          0          0          0          0   _printf_l.o
         6          0          0          0          0          0   _printf_lc.o
        10          0          0          0          0          0   _printf_ll.o
         6          0          0          0          0          0   _printf_lld.o
         6          0          0          0          0          0   _printf_lli.o
         6          0          0          0          0          0   _printf_llo.o
         6          0          0          0          0          0   _printf_llu.o
         6          0          0          0          0          0   _printf_llx.o
       124         16          0          0          0         92   _printf_longlong_dec.o
         6          0          0          0          0          0   _printf_ls.o
         6          0          0          0          0          0   _printf_n.o
         6          0          0          0          0          0   _printf_o.o
       112          8          0          0          0        124   _printf_oct_int_ll.o
         6          0          0          0          0          0   _printf_p.o
        78          0          0          0          0        108   _printf_pad.o
         0          0          0          0          0          0   _printf_percent.o
         4          0          0          0          0          0   _printf_percent_end.o
         6          0          0          0          0          0   _printf_s.o
        82          0          0          0          0         80   _printf_str.o
        36          0          0          0          0         84   _printf_truncate.o
         6          0          0          0          0          0   _printf_u.o
        44          0          0          0          0        108   _printf_wchar.o
       194          6          8          0          0         92   _printf_wctomb.o
         6          0          0          0          0          0   _printf_x.o
        10          0          0          0          0         68   _sputc.o
       228          4        148          0          0         96   bigflt0.o
      1936        128          0          0          0        668   btod.o
        18          0          0          0          0         80   exit.o
         6          0          0          0          0        152   heapauxi.o
         0          0          0          0          0          0   indicate_semi.o
        44         10        272          0          0         76   lc_ctype_c.o
        44         10         28          0          0         76   lc_numeric_c.o
         2          0          0          0          0          0   libinit.o
        34          0          0          0          0          0   libinit2.o
         2          0          0          0          0          0   libshutdown.o
         2          0          0          0          0          0   libshutdown2.o
         8          4          0          0         96         68   libspace.o
       138          0          0          0          0         80   lludiv10.o
        16          4          0          0          0         76   rt_ctype_table.o
         8          4          0          0          0         68   rt_locale_intlibspace.o
        68          0          0          0          0         68   rt_memclr.o
        78          0          0          0          0         80   rt_memclr_w.o
         2          0          0          0          0          0   rtexit.o
        10          0          0          0          0          0   rtexit2.o
        44          6          0          0          0         84   sprintf.o
       124          0          0          0          0         88   strcmpv7em.o
        12          4          0          0          0         68   sys_exit.o
        74          0          0          0          0         80   sys_stackheap_outer.o
         2          0          0          0          0         68   use_no_semi.o
        26          0          0          0          0        116   fpinit.o
         4          0          0          0          0        116   printf1.o
         4          0          0          0          0        116   printf2.o
         0          0          0          0          0          0   usenofp.o
        48          0          0          0          0        124   fpclassify.o

    ----------------------------------------------------------------------
      6998        270        552          0         96       4472   Library Totals
        26          4          1          0          0          0   (incl. Padding)

    ----------------------------------------------------------------------

      Code (inc. data)   RO Data    RW Data    ZI Data      Debug   Library Name

      6890        266        551          0         96       4000   c_w.l
        34          0          0          0          0        348   fz_wm.l
        48          0          0          0          0        124   m_wm.l

    ----------------------------------------------------------------------
      6998        270        552          0         96       4472   Library Totals

    ----------------------------------------------------------------------

==============================================================================


      Code (inc. data)   RO Data    RW Data    ZI Data      Debug   

      9492        318        992          0       1632      18840   Grand Totals
      9492        318        992          0       1632      18840   ELF Image Totals
      9492        318        992          0          0          0   ROM Totals

==============================================================================

    Total RO  Size (Code + RO Data)                10484 (  10.24kB)
    Total RW  Size (RW Data + ZI Data)              1632 (   1.59kB)
    Total ROM Size (Code + RO Data + RW Data)      10484 (  10.24kB)

==============================================================================

