<html>
<body>
<pre>
<h1>µVision Build Log</h1>
<h2>Tool Versions:</h2>
IDE-Version: µVision V5.39.0.0
Copyright (C) 2023 ARM Ltd and ARM Germany GmbH. All rights reserved.
License Information: Michael W, ucsb, LIC=----
 
Tool Versions:
Toolchain:       MDK-Lite  Version: 5.39.0.0
Toolchain Path:  C:\Keil_v5\ARM\ARMCLANG\Bin
C Compiler:      ArmClang.exe V6.21
Assembler:       Armasm.exe V6.21
Linker/Locator:  ArmLink.exe V6.21
Library Manager: ArmAr.exe V6.21
Hex Converter:   FromElf.exe V6.21
CPU DLL:         SARMCM3.DLL V5.39.0.0
Dialog DLL:      DCM.DLL V1.17.5.0
Target DLL:      STLink\ST-LINKIII-KEIL_SWO.dll V3.2.0.0
Dialog DLL:      TCM.DLL V1.56.4.0
 
<h2>Project:</h2>
C:\Users\micha\Downloads\ECE 153B\Labs\Lab 2\Template_L2\Template_L2\2C\project.uvprojx
Project File Date:  01/29/2024

<h2>Output:</h2>
*** Using Compiler 'V6.21', folder: 'C:\Keil_v5\ARM\ARMCLANG\Bin'
Build target 'Target 1'
src/main.c(15): warning: no previous extern declaration for non-static variable 'strTime' [-Wmissing-variable-declarations]
   15 | char strTime[12] = {0};
      |      ^
src/main.c(15): note: declare 'static' if the variable is not intended to be used outside of this translation unit
   15 | char strTime[12] = {0};
      | ^
src/main.c(16): warning: no previous extern declaration for non-static variable 'strDate' [-Wmissing-variable-declarations]
   16 | char strDate[12] = {0};
      |      ^
src/main.c(16): note: declare 'static' if the variable is not intended to be used outside of this translation unit
   16 | char strDate[12] = {0};
      | ^
src/main.c(18): warning: no previous prototype for function 'RTC_Set_Alarm' [-Wmissing-prototypes]
   18 | void RTC_Set_Alarm(void) {
      |      ^
src/main.c(18): note: declare 'static' if the function is not intended to be used outside of this translation unit
   18 | void RTC_Set_Alarm(void) {
      | ^
      | static 
src/main.c(47): warning: no previous prototype for function 'RTC_Alarm_Enable' [-Wmissing-prototypes]
   47 | void RTC_Alarm_Enable(void) {
      |      ^
src/main.c(47): note: declare 'static' if the function is not intended to be used outside of this translation unit
   47 | void RTC_Alarm_Enable(void) {
      | ^
      | static 
src/main.c(57): warning: no previous prototype for function 'Enable_Alarm_A' [-Wmissing-prototypes]
   57 | void Enable_Alarm_A(void) {
      |      ^
src/main.c(57): note: declare 'static' if the function is not intended to be used outside of this translation unit
   57 | void Enable_Alarm_A(void) {
      | ^
      | static 
src/main.c(63): warning: no previous prototype for function 'Enable_Alarm_B' [-Wmissing-prototypes]
   63 | void Enable_Alarm_B(void) {
      |      ^
src/main.c(63): note: declare 'static' if the function is not intended to be used outside of this translation unit
   63 | void Enable_Alarm_B(void) {
      | ^
      | static 
src/main.c(69): warning: no previous prototype for function 'RTC_Alarm_IRQHandler' [-Wmissing-prototypes]
   69 | void RTC_Alarm_IRQHandler(void) {
      |      ^
src/main.c(69): note: declare 'static' if the function is not intended to be used outside of this translation unit
   69 | void RTC_Alarm_IRQHandler(void) {
      | ^
      | static 
src/main.c(92): warning: no newline at end of file [-Wnewline-eof]
   92 | }
      |  ^
src/main.c(86): warning: mixing declarations and code is incompatible with standards before C99 [-Wdeclaration-after-statement]
   86 |     char time[100] = "";
      |          ^
9 warnings generated.
compiling main.c...
linking...
Program Size: Code=9492 RO-data=992 RW-data=0 ZI-data=1632  
FromELF: creating hex file...
".\Objects\project.axf" - 0 Error(s), 9 Warning(s).

<h2>Software Packages used:</h2>

Package Vendor: ARM
                http://www.keil.com/pack/ARM.CMSIS.5.9.0.pack
                ARM::CMSIS@5.9.0
                CMSIS (Common Microcontroller Software Interface Standard)
   * Component: CORE Version: 5.6.0

Package Vendor: Keil
                https://www.keil.com/pack/Keil.STM32L4xx_DFP.2.6.2.pack
                Keil::STM32L4xx_DFP@2.6.2
                STMicroelectronics STM32L4 Series Device Support, Drivers and Examples

<h2>Collection of Component include folders:</h2>
  ./RTE/_Target_1
  C:/Users/micha/AppData/Local/Arm/Packs/ARM/CMSIS/5.9.0/CMSIS/Core/Include
  C:/Users/micha/AppData/Local/Arm/Packs/Keil/STM32L4xx_DFP/2.6.2/Drivers/CMSIS/Device/ST/STM32L4xx/Include

<h2>Collection of Component Files used:</h2>

   * Component: ARM::CMSIS:CORE@5.6.0
Build Time Elapsed:  00:00:01
</pre>
</body>
</html>
