<html>
<body>
<pre>
<h1>µVision Build Log</h1>
<h2>Tool Versions:</h2>
IDE-Version: µVision V5.39.0.0
Copyright (C) 2023 ARM Ltd and ARM Germany GmbH. All rights reserved.
License Information: Michael W, ucsb, LIC=----
 
Tool Versions:
Toolchain:       MDK-Lite  Version: 5.39.0.0
Toolchain Path:  C:\Keil_v5\ARM\ARMCLANG\Bin
C Compiler:      ArmClang.exe V6.21
Assembler:       Armasm.exe V6.21
Linker/Locator:  ArmLink.exe V6.21
Library Manager: ArmAr.exe V6.21
Hex Converter:   FromElf.exe V6.21
CPU DLL:         SARMCM3.DLL V5.39.0.0
Dialog DLL:      DCM.DLL V1.17.5.0
Target DLL:      STLink\ST-LINKIII-KEIL_SWO.dll V3.2.0.0
Dialog DLL:      TCM.DLL V1.56.4.0
 
<h2>Project:</h2>
C:\Users\micha\Downloads\ECE 153B\Labs\Lab 2\Template_L2\Template_L2\2A\project.uvprojx
Project File Date:  01/29/2024

<h2>Output:</h2>
*** Using Compiler 'V6.21', folder: 'C:\Keil_v5\ARM\ARMCLANG\Bin'
Build target 'Target 1'
src/main.c(11): warning: no previous prototype for function 'GPIO_Init' [-Wmissing-prototypes]
   11 | void GPIO_Init(void){   
      |      ^
src/main.c(11): note: declare 'static' if the function is not intended to be used outside of this translation unit
   11 | void GPIO_Init(void){   
      | ^
      | static 
src/main.c(72): warning: no previous prototype for function 'Full_Stepping_Clockwise' [-Wmissing-prototypes]
   72 | void Full_Stepping_Clockwise(void){
      |      ^
src/main.c(72): note: declare 'static' if the function is not intended to be used outside of this translation unit
   72 | void Full_Stepping_Clockwise(void){
      | ^
      | static 
src/main.c(98): warning: no previous prototype for function 'Full_Stepping_CounterClockwise' [-Wmissing-prototypes]
   98 | void Full_Stepping_CounterClockwise(void){
      |      ^
src/main.c(98): note: declare 'static' if the function is not intended to be used outside of this translation unit
   98 | void Full_Stepping_CounterClockwise(void){
      | ^
      | static 
src/main.c(124): warning: no previous prototype for function 'Half_Stepping_Clockwise' [-Wmissing-prototypes]
  124 | void Half_Stepping_Clockwise(void){
      |      ^
src/main.c(124): note: declare 'static' if the function is not intended to be used outside of this translation unit
  124 | void Half_Stepping_Clockwise(void){
      | ^
      | static 
src/main.c(176): warning: no previous prototype for function 'Half_Stepping_CounterClockwise' [-Wmissing-prototypes]
  176 | void Half_Stepping_CounterClockwise(void){
      |      ^
src/main.c(176): note: declare 'static' if the function is not intended to be used outside of this translation unit
  176 | void Half_Stepping_CounterClockwise(void){
      | ^
      | static 
src/main.c(229): warning: mixing declarations and code is incompatible with standards before C99 [-Wdeclaration-after-statement]
  229 |         int i = 0;
      |             ^
6 warnings generated.
compiling main.c...
linking...
Program Size: Code=1128 RO-data=408 RW-data=0 ZI-data=1632  
FromELF: creating hex file...
".\Objects\project.axf" - 0 Error(s), 6 Warning(s).

<h2>Software Packages used:</h2>

Package Vendor: ARM
                http://www.keil.com/pack/ARM.CMSIS.5.9.0.pack
                ARM::CMSIS@5.9.0
                CMSIS (Common Microcontroller Software Interface Standard)
   * Component: CORE Version: 5.6.0

Package Vendor: Keil
                https://www.keil.com/pack/Keil.STM32L4xx_DFP.2.6.2.pack
                Keil::STM32L4xx_DFP@2.6.2
                STMicroelectronics STM32L4 Series Device Support, Drivers and Examples

<h2>Collection of Component include folders:</h2>
  ./RTE/_Target_1
  C:/Users/micha/AppData/Local/Arm/Packs/ARM/CMSIS/5.9.0/CMSIS/Core/Include
  C:/Users/micha/AppData/Local/Arm/Packs/Keil/STM32L4xx_DFP/2.6.2/Drivers/CMSIS/Device/ST/STM32L4xx/Include

<h2>Collection of Component Files used:</h2>

   * Component: ARM::CMSIS:CORE@5.6.0
Build Time Elapsed:  00:00:01
</pre>
</body>
</html>
